<!doctype html public "-//w3c//dtd html 4.0 transitional//en">
<html><head>
<title>Static Call Graph - [.\code.axf]</title></head>
<body><HR>
<H1>Static Call Graph for image .\code.axf</H1><HR>
<BR><P>#&#060CALLGRAPH&#062# ARM Linker, 5060422: Last Updated: Sat Jun 04 22:47:48 2022
<BR><P>
<H3>Maximum Stack Usage =         24 bytes + Unknown(Functions without stacksize, Untraceable Function Pointers)</H3><H3>
Call chain for Maximum Stack Depth:</H3>
TIMER_Handler &rArr; TIMER &rArr; Standing2 &rArr; DrawLCD
<P>
<H3>
Functions with no stack information
</H3><UL>
 <LI><a href="#[1b]">__user_initial_stackheap</a>
</UL>
</UL>
<P>
<H3>
Function Pointers
</H3><UL>
 <LI><a href="#[8]">KEY0_Handler</a> from startup_cmsdk_cm0.o(.text) referenced from startup_cmsdk_cm0.o(RESET)
 <LI><a href="#[12]">KEY10_Handler</a> from startup_cmsdk_cm0.o(.text) referenced from startup_cmsdk_cm0.o(RESET)
 <LI><a href="#[13]">KEY11_Handler</a> from startup_cmsdk_cm0.o(.text) referenced from startup_cmsdk_cm0.o(RESET)
 <LI><a href="#[14]">KEY12_Handler</a> from startup_cmsdk_cm0.o(.text) referenced from startup_cmsdk_cm0.o(RESET)
 <LI><a href="#[15]">KEY13_Handler</a> from startup_cmsdk_cm0.o(.text) referenced from startup_cmsdk_cm0.o(RESET)
 <LI><a href="#[16]">KEY14_Handler</a> from startup_cmsdk_cm0.o(.text) referenced from startup_cmsdk_cm0.o(RESET)
 <LI><a href="#[17]">KEY15_Handler</a> from startup_cmsdk_cm0.o(.text) referenced from startup_cmsdk_cm0.o(RESET)
 <LI><a href="#[9]">KEY1_Handler</a> from startup_cmsdk_cm0.o(.text) referenced from startup_cmsdk_cm0.o(RESET)
 <LI><a href="#[a]">KEY2_Handler</a> from startup_cmsdk_cm0.o(.text) referenced from startup_cmsdk_cm0.o(RESET)
 <LI><a href="#[b]">KEY3_Handler</a> from startup_cmsdk_cm0.o(.text) referenced from startup_cmsdk_cm0.o(RESET)
 <LI><a href="#[c]">KEY4_Handler</a> from startup_cmsdk_cm0.o(.text) referenced from startup_cmsdk_cm0.o(RESET)
 <LI><a href="#[d]">KEY5_Handler</a> from startup_cmsdk_cm0.o(.text) referenced from startup_cmsdk_cm0.o(RESET)
 <LI><a href="#[e]">KEY6_Handler</a> from startup_cmsdk_cm0.o(.text) referenced from startup_cmsdk_cm0.o(RESET)
 <LI><a href="#[f]">KEY7_Handler</a> from startup_cmsdk_cm0.o(.text) referenced from startup_cmsdk_cm0.o(RESET)
 <LI><a href="#[10]">KEY8_Handler</a> from startup_cmsdk_cm0.o(.text) referenced from startup_cmsdk_cm0.o(RESET)
 <LI><a href="#[11]">KEY9_Handler</a> from startup_cmsdk_cm0.o(.text) referenced from startup_cmsdk_cm0.o(RESET)
 <LI><a href="#[6]">LCDRUN_Handler</a> from startup_cmsdk_cm0.o(.text) referenced from startup_cmsdk_cm0.o(RESET)
 <LI><a href="#[19]">Reset_Handler</a> from startup_cmsdk_cm0.o(.text) referenced from startup_cmsdk_cm0.o(RESET)
 <LI><a href="#[7]">TIMER_Handler</a> from startup_cmsdk_cm0.o(.text) referenced from startup_cmsdk_cm0.o(RESET)
 <LI><a href="#[1a]">__main</a> from __main.o(!!!main) referenced from startup_cmsdk_cm0.o(.text)
</UL>
<P>
<H3>
Global Symbols
</H3>
<P><STRONG><a name="[1a]"></a>__main</STRONG> (Thumb, 8 bytes, Stack size 0 bytes, __main.o(!!!main))
<BR><BR>[Calls]<UL><LI><a href="#[1d]">&gt;&gt;</a>&nbsp;&nbsp;&nbsp;__rt_entry
<LI><a href="#[1c]">&gt;&gt;</a>&nbsp;&nbsp;&nbsp;__scatterload
</UL>

<P><STRONG><a name="[1c]"></a>__scatterload</STRONG> (Thumb, 0 bytes, Stack size unknown bytes, __scatter.o(!!!scatter))
<BR><BR>[Called By]<UL><LI><a href="#[1a]">&gt;&gt;</a>&nbsp;&nbsp;&nbsp;__main
</UL>

<P><STRONG><a name="[1e]"></a>__scatterload_rt2</STRONG> (Thumb, 52 bytes, Stack size unknown bytes, __scatter.o(!!!scatter), UNUSED)
<BR><BR>[Calls]<UL><LI><a href="#[1d]">&gt;&gt;</a>&nbsp;&nbsp;&nbsp;__rt_entry
</UL>

<P><STRONG><a name="[6a]"></a>__scatterload_rt2_thumb_only</STRONG> (Thumb, 0 bytes, Stack size unknown bytes, __scatter.o(!!!scatter), UNUSED)

<P><STRONG><a name="[6b]"></a>__scatterload_null</STRONG> (Thumb, 0 bytes, Stack size unknown bytes, __scatter.o(!!!scatter), UNUSED)

<P><STRONG><a name="[1f]"></a>__scatterload_copy</STRONG> (Thumb, 26 bytes, Stack size unknown bytes, __scatter_copy.o(!!handler_copy), UNUSED)
<BR><BR>[Calls]<UL><LI><a href="#[1f]">&gt;&gt;</a>&nbsp;&nbsp;&nbsp;__scatterload_copy
</UL>
<BR>[Called By]<UL><LI><a href="#[1f]">&gt;&gt;</a>&nbsp;&nbsp;&nbsp;__scatterload_copy
</UL>

<P><STRONG><a name="[6c]"></a>__scatterload_zeroinit</STRONG> (Thumb, 28 bytes, Stack size unknown bytes, __scatter_zi.o(!!handler_zi), UNUSED)

<P><STRONG><a name="[23]"></a>__rt_lib_init</STRONG> (Thumb, 0 bytes, Stack size unknown bytes, libinit.o(.ARM.Collect$$libinit$$00000000))
<BR><BR>[Called By]<UL><LI><a href="#[22]">&gt;&gt;</a>&nbsp;&nbsp;&nbsp;__rt_entry_li
</UL>

<P><STRONG><a name="[6d]"></a>__rt_lib_init_alloca_1</STRONG> (Thumb, 0 bytes, Stack size unknown bytes, libinit2.o(.ARM.Collect$$libinit$$0000002E))

<P><STRONG><a name="[6e]"></a>__rt_lib_init_argv_1</STRONG> (Thumb, 0 bytes, Stack size unknown bytes, libinit2.o(.ARM.Collect$$libinit$$0000002C))

<P><STRONG><a name="[6f]"></a>__rt_lib_init_atexit_1</STRONG> (Thumb, 0 bytes, Stack size unknown bytes, libinit2.o(.ARM.Collect$$libinit$$0000001B))

<P><STRONG><a name="[70]"></a>__rt_lib_init_clock_1</STRONG> (Thumb, 0 bytes, Stack size unknown bytes, libinit2.o(.ARM.Collect$$libinit$$00000021))

<P><STRONG><a name="[71]"></a>__rt_lib_init_cpp_1</STRONG> (Thumb, 0 bytes, Stack size unknown bytes, libinit2.o(.ARM.Collect$$libinit$$00000032))

<P><STRONG><a name="[72]"></a>__rt_lib_init_exceptions_1</STRONG> (Thumb, 0 bytes, Stack size unknown bytes, libinit2.o(.ARM.Collect$$libinit$$00000030))

<P><STRONG><a name="[73]"></a>__rt_lib_init_fp_1</STRONG> (Thumb, 0 bytes, Stack size unknown bytes, libinit2.o(.ARM.Collect$$libinit$$00000002))

<P><STRONG><a name="[74]"></a>__rt_lib_init_fp_trap_1</STRONG> (Thumb, 0 bytes, Stack size unknown bytes, libinit2.o(.ARM.Collect$$libinit$$0000001F))

<P><STRONG><a name="[75]"></a>__rt_lib_init_getenv_1</STRONG> (Thumb, 0 bytes, Stack size unknown bytes, libinit2.o(.ARM.Collect$$libinit$$00000023))

<P><STRONG><a name="[76]"></a>__rt_lib_init_heap_1</STRONG> (Thumb, 0 bytes, Stack size unknown bytes, libinit2.o(.ARM.Collect$$libinit$$0000000A))

<P><STRONG><a name="[77]"></a>__rt_lib_init_lc_collate_1</STRONG> (Thumb, 0 bytes, Stack size unknown bytes, libinit2.o(.ARM.Collect$$libinit$$00000011))

<P><STRONG><a name="[78]"></a>__rt_lib_init_lc_ctype_1</STRONG> (Thumb, 0 bytes, Stack size unknown bytes, libinit2.o(.ARM.Collect$$libinit$$00000013))

<P><STRONG><a name="[79]"></a>__rt_lib_init_lc_monetary_1</STRONG> (Thumb, 0 bytes, Stack size unknown bytes, libinit2.o(.ARM.Collect$$libinit$$00000015))

<P><STRONG><a name="[7a]"></a>__rt_lib_init_lc_numeric_1</STRONG> (Thumb, 0 bytes, Stack size unknown bytes, libinit2.o(.ARM.Collect$$libinit$$00000017))

<P><STRONG><a name="[7b]"></a>__rt_lib_init_lc_time_1</STRONG> (Thumb, 0 bytes, Stack size unknown bytes, libinit2.o(.ARM.Collect$$libinit$$00000019))

<P><STRONG><a name="[7c]"></a>__rt_lib_init_preinit_1</STRONG> (Thumb, 0 bytes, Stack size unknown bytes, libinit2.o(.ARM.Collect$$libinit$$00000004))

<P><STRONG><a name="[7d]"></a>__rt_lib_init_rand_1</STRONG> (Thumb, 0 bytes, Stack size unknown bytes, libinit2.o(.ARM.Collect$$libinit$$0000000E))

<P><STRONG><a name="[7e]"></a>__rt_lib_init_return</STRONG> (Thumb, 0 bytes, Stack size unknown bytes, libinit2.o(.ARM.Collect$$libinit$$00000033))

<P><STRONG><a name="[7f]"></a>__rt_lib_init_signal_1</STRONG> (Thumb, 0 bytes, Stack size unknown bytes, libinit2.o(.ARM.Collect$$libinit$$0000001D))

<P><STRONG><a name="[80]"></a>__rt_lib_init_stdio_1</STRONG> (Thumb, 0 bytes, Stack size unknown bytes, libinit2.o(.ARM.Collect$$libinit$$00000025))

<P><STRONG><a name="[81]"></a>__rt_lib_init_user_alloc_1</STRONG> (Thumb, 0 bytes, Stack size unknown bytes, libinit2.o(.ARM.Collect$$libinit$$0000000C))

<P><STRONG><a name="[28]"></a>__rt_lib_shutdown</STRONG> (Thumb, 0 bytes, Stack size unknown bytes, libshutdown.o(.ARM.Collect$$libshutdown$$00000000))
<BR><BR>[Called By]<UL><LI><a href="#[27]">&gt;&gt;</a>&nbsp;&nbsp;&nbsp;__rt_exit_ls
</UL>

<P><STRONG><a name="[82]"></a>__rt_lib_shutdown_cpp_1</STRONG> (Thumb, 0 bytes, Stack size unknown bytes, libshutdown2.o(.ARM.Collect$$libshutdown$$00000002))

<P><STRONG><a name="[83]"></a>__rt_lib_shutdown_fp_trap_1</STRONG> (Thumb, 0 bytes, Stack size unknown bytes, libshutdown2.o(.ARM.Collect$$libshutdown$$00000007))

<P><STRONG><a name="[84]"></a>__rt_lib_shutdown_heap_1</STRONG> (Thumb, 0 bytes, Stack size unknown bytes, libshutdown2.o(.ARM.Collect$$libshutdown$$0000000F))

<P><STRONG><a name="[85]"></a>__rt_lib_shutdown_return</STRONG> (Thumb, 0 bytes, Stack size unknown bytes, libshutdown2.o(.ARM.Collect$$libshutdown$$00000010))

<P><STRONG><a name="[86]"></a>__rt_lib_shutdown_signal_1</STRONG> (Thumb, 0 bytes, Stack size unknown bytes, libshutdown2.o(.ARM.Collect$$libshutdown$$0000000A))

<P><STRONG><a name="[87]"></a>__rt_lib_shutdown_stdio_1</STRONG> (Thumb, 0 bytes, Stack size unknown bytes, libshutdown2.o(.ARM.Collect$$libshutdown$$00000004))

<P><STRONG><a name="[88]"></a>__rt_lib_shutdown_user_alloc_1</STRONG> (Thumb, 0 bytes, Stack size unknown bytes, libshutdown2.o(.ARM.Collect$$libshutdown$$0000000C))

<P><STRONG><a name="[1d]"></a>__rt_entry</STRONG> (Thumb, 0 bytes, Stack size unknown bytes, __rtentry.o(.ARM.Collect$$rtentry$$00000000))
<BR><BR>[Called By]<UL><LI><a href="#[1a]">&gt;&gt;</a>&nbsp;&nbsp;&nbsp;__main
<LI><a href="#[1e]">&gt;&gt;</a>&nbsp;&nbsp;&nbsp;__scatterload_rt2
</UL>

<P><STRONG><a name="[89]"></a>__rt_entry_presh_1</STRONG> (Thumb, 0 bytes, Stack size unknown bytes, __rtentry2.o(.ARM.Collect$$rtentry$$00000002))

<P><STRONG><a name="[20]"></a>__rt_entry_sh</STRONG> (Thumb, 0 bytes, Stack size unknown bytes, __rtentry4.o(.ARM.Collect$$rtentry$$00000004))
<BR><BR>[Stack]<UL><LI>Max Depth = 8 + Unknown Stack Size
<LI>Call Chain = __rt_entry_sh &rArr; __user_setup_stackheap
</UL>
<BR>[Calls]<UL><LI><a href="#[21]">&gt;&gt;</a>&nbsp;&nbsp;&nbsp;__user_setup_stackheap
</UL>

<P><STRONG><a name="[22]"></a>__rt_entry_li</STRONG> (Thumb, 0 bytes, Stack size unknown bytes, __rtentry2.o(.ARM.Collect$$rtentry$$0000000A))
<BR><BR>[Calls]<UL><LI><a href="#[23]">&gt;&gt;</a>&nbsp;&nbsp;&nbsp;__rt_lib_init
</UL>

<P><STRONG><a name="[8a]"></a>__rt_entry_postsh_1</STRONG> (Thumb, 0 bytes, Stack size unknown bytes, __rtentry2.o(.ARM.Collect$$rtentry$$00000009))

<P><STRONG><a name="[24]"></a>__rt_entry_main</STRONG> (Thumb, 0 bytes, Stack size unknown bytes, __rtentry2.o(.ARM.Collect$$rtentry$$0000000D))
<BR><BR>[Stack]<UL><LI>Max Depth = 8 + Unknown Stack Size
<LI>Call Chain = __rt_entry_main &rArr; exit
</UL>
<BR>[Calls]<UL><LI><a href="#[26]">&gt;&gt;</a>&nbsp;&nbsp;&nbsp;exit
<LI><a href="#[25]">&gt;&gt;</a>&nbsp;&nbsp;&nbsp;main
</UL>

<P><STRONG><a name="[8b]"></a>__rt_entry_postli_1</STRONG> (Thumb, 0 bytes, Stack size unknown bytes, __rtentry2.o(.ARM.Collect$$rtentry$$0000000C))

<P><STRONG><a name="[3f]"></a>__rt_exit</STRONG> (Thumb, 0 bytes, Stack size unknown bytes, rtexit.o(.ARM.Collect$$rtexit$$00000000))
<BR><BR>[Called By]<UL><LI><a href="#[26]">&gt;&gt;</a>&nbsp;&nbsp;&nbsp;exit
</UL>

<P><STRONG><a name="[27]"></a>__rt_exit_ls</STRONG> (Thumb, 0 bytes, Stack size unknown bytes, rtexit2.o(.ARM.Collect$$rtexit$$00000003))
<BR><BR>[Calls]<UL><LI><a href="#[28]">&gt;&gt;</a>&nbsp;&nbsp;&nbsp;__rt_lib_shutdown
</UL>

<P><STRONG><a name="[8c]"></a>__rt_exit_prels_1</STRONG> (Thumb, 0 bytes, Stack size unknown bytes, rtexit2.o(.ARM.Collect$$rtexit$$00000002))

<P><STRONG><a name="[29]"></a>__rt_exit_exit</STRONG> (Thumb, 0 bytes, Stack size unknown bytes, rtexit2.o(.ARM.Collect$$rtexit$$00000004))
<BR><BR>[Calls]<UL><LI><a href="#[2a]">&gt;&gt;</a>&nbsp;&nbsp;&nbsp;_sys_exit
</UL>

<P><STRONG><a name="[19]"></a>Reset_Handler</STRONG> (Thumb, 8 bytes, Stack size 0 bytes, startup_cmsdk_cm0.o(.text))

<P><STRONG><a name="[6]"></a>LCDRUN_Handler</STRONG> (Thumb, 8 bytes, Stack size 0 bytes, startup_cmsdk_cm0.o(.text))
<BR><BR>[Calls]<UL><LI><a href="#[2b]">&gt;&gt;</a>&nbsp;&nbsp;&nbsp;LCD_FINISH
</UL>
<BR>[Address Reference Count : 1]<UL><LI> startup_cmsdk_cm0.o(RESET)
</UL>
<P><STRONG><a name="[7]"></a>TIMER_Handler</STRONG> (Thumb, 8 bytes, Stack size 0 bytes, startup_cmsdk_cm0.o(.text))
<BR><BR>[Stack]<UL><LI>Max Depth = 24<LI>Call Chain = TIMER_Handler &rArr; TIMER &rArr; Standing2 &rArr; DrawLCD
</UL>
<BR>[Calls]<UL><LI><a href="#[2c]">&gt;&gt;</a>&nbsp;&nbsp;&nbsp;TIMER
</UL>
<BR>[Address Reference Count : 1]<UL><LI> startup_cmsdk_cm0.o(RESET)
</UL>
<P><STRONG><a name="[8]"></a>KEY0_Handler</STRONG> (Thumb, 8 bytes, Stack size 0 bytes, startup_cmsdk_cm0.o(.text))
<BR><BR>[Stack]<UL><LI>Max Depth = 8<LI>Call Chain = KEY0_Handler &rArr; KEY0
</UL>
<BR>[Calls]<UL><LI><a href="#[2d]">&gt;&gt;</a>&nbsp;&nbsp;&nbsp;KEY0
</UL>
<BR>[Address Reference Count : 1]<UL><LI> startup_cmsdk_cm0.o(RESET)
</UL>
<P><STRONG><a name="[9]"></a>KEY1_Handler</STRONG> (Thumb, 8 bytes, Stack size 0 bytes, startup_cmsdk_cm0.o(.text))
<BR><BR>[Stack]<UL><LI>Max Depth = 8<LI>Call Chain = KEY1_Handler &rArr; KEY1
</UL>
<BR>[Calls]<UL><LI><a href="#[2e]">&gt;&gt;</a>&nbsp;&nbsp;&nbsp;KEY1
</UL>
<BR>[Address Reference Count : 1]<UL><LI> startup_cmsdk_cm0.o(RESET)
</UL>
<P><STRONG><a name="[a]"></a>KEY2_Handler</STRONG> (Thumb, 8 bytes, Stack size 0 bytes, startup_cmsdk_cm0.o(.text))
<BR><BR>[Stack]<UL><LI>Max Depth = 8<LI>Call Chain = KEY2_Handler &rArr; KEY2
</UL>
<BR>[Calls]<UL><LI><a href="#[2f]">&gt;&gt;</a>&nbsp;&nbsp;&nbsp;KEY2
</UL>
<BR>[Address Reference Count : 1]<UL><LI> startup_cmsdk_cm0.o(RESET)
</UL>
<P><STRONG><a name="[b]"></a>KEY3_Handler</STRONG> (Thumb, 8 bytes, Stack size 0 bytes, startup_cmsdk_cm0.o(.text))
<BR><BR>[Stack]<UL><LI>Max Depth = 8<LI>Call Chain = KEY3_Handler &rArr; KEY3
</UL>
<BR>[Calls]<UL><LI><a href="#[30]">&gt;&gt;</a>&nbsp;&nbsp;&nbsp;KEY3
</UL>
<BR>[Address Reference Count : 1]<UL><LI> startup_cmsdk_cm0.o(RESET)
</UL>
<P><STRONG><a name="[c]"></a>KEY4_Handler</STRONG> (Thumb, 8 bytes, Stack size 0 bytes, startup_cmsdk_cm0.o(.text))
<BR><BR>[Calls]<UL><LI><a href="#[31]">&gt;&gt;</a>&nbsp;&nbsp;&nbsp;KEY4
</UL>
<BR>[Address Reference Count : 1]<UL><LI> startup_cmsdk_cm0.o(RESET)
</UL>
<P><STRONG><a name="[d]"></a>KEY5_Handler</STRONG> (Thumb, 8 bytes, Stack size 0 bytes, startup_cmsdk_cm0.o(.text))
<BR><BR>[Stack]<UL><LI>Max Depth = 8<LI>Call Chain = KEY5_Handler &rArr; KEY5
</UL>
<BR>[Calls]<UL><LI><a href="#[32]">&gt;&gt;</a>&nbsp;&nbsp;&nbsp;KEY5
</UL>
<BR>[Address Reference Count : 1]<UL><LI> startup_cmsdk_cm0.o(RESET)
</UL>
<P><STRONG><a name="[e]"></a>KEY6_Handler</STRONG> (Thumb, 8 bytes, Stack size 0 bytes, startup_cmsdk_cm0.o(.text))
<BR><BR>[Calls]<UL><LI><a href="#[33]">&gt;&gt;</a>&nbsp;&nbsp;&nbsp;KEY6
</UL>
<BR>[Address Reference Count : 1]<UL><LI> startup_cmsdk_cm0.o(RESET)
</UL>
<P><STRONG><a name="[f]"></a>KEY7_Handler</STRONG> (Thumb, 8 bytes, Stack size 0 bytes, startup_cmsdk_cm0.o(.text))
<BR><BR>[Calls]<UL><LI><a href="#[34]">&gt;&gt;</a>&nbsp;&nbsp;&nbsp;KEY7
</UL>
<BR>[Address Reference Count : 1]<UL><LI> startup_cmsdk_cm0.o(RESET)
</UL>
<P><STRONG><a name="[10]"></a>KEY8_Handler</STRONG> (Thumb, 8 bytes, Stack size 0 bytes, startup_cmsdk_cm0.o(.text))
<BR><BR>[Calls]<UL><LI><a href="#[35]">&gt;&gt;</a>&nbsp;&nbsp;&nbsp;KEY8
</UL>
<BR>[Address Reference Count : 1]<UL><LI> startup_cmsdk_cm0.o(RESET)
</UL>
<P><STRONG><a name="[11]"></a>KEY9_Handler</STRONG> (Thumb, 8 bytes, Stack size 0 bytes, startup_cmsdk_cm0.o(.text))
<BR><BR>[Calls]<UL><LI><a href="#[36]">&gt;&gt;</a>&nbsp;&nbsp;&nbsp;KEY9
</UL>
<BR>[Address Reference Count : 1]<UL><LI> startup_cmsdk_cm0.o(RESET)
</UL>
<P><STRONG><a name="[12]"></a>KEY10_Handler</STRONG> (Thumb, 8 bytes, Stack size 0 bytes, startup_cmsdk_cm0.o(.text))
<BR><BR>[Stack]<UL><LI>Max Depth = 8<LI>Call Chain = KEY10_Handler &rArr; KEY10
</UL>
<BR>[Calls]<UL><LI><a href="#[37]">&gt;&gt;</a>&nbsp;&nbsp;&nbsp;KEY10
</UL>
<BR>[Address Reference Count : 1]<UL><LI> startup_cmsdk_cm0.o(RESET)
</UL>
<P><STRONG><a name="[13]"></a>KEY11_Handler</STRONG> (Thumb, 8 bytes, Stack size 0 bytes, startup_cmsdk_cm0.o(.text))
<BR><BR>[Calls]<UL><LI><a href="#[38]">&gt;&gt;</a>&nbsp;&nbsp;&nbsp;KEY11
</UL>
<BR>[Address Reference Count : 1]<UL><LI> startup_cmsdk_cm0.o(RESET)
</UL>
<P><STRONG><a name="[14]"></a>KEY12_Handler</STRONG> (Thumb, 8 bytes, Stack size 0 bytes, startup_cmsdk_cm0.o(.text))
<BR><BR>[Stack]<UL><LI>Max Depth = 8<LI>Call Chain = KEY12_Handler &rArr; KEY12
</UL>
<BR>[Calls]<UL><LI><a href="#[39]">&gt;&gt;</a>&nbsp;&nbsp;&nbsp;KEY12
</UL>
<BR>[Address Reference Count : 1]<UL><LI> startup_cmsdk_cm0.o(RESET)
</UL>
<P><STRONG><a name="[15]"></a>KEY13_Handler</STRONG> (Thumb, 8 bytes, Stack size 0 bytes, startup_cmsdk_cm0.o(.text))
<BR><BR>[Stack]<UL><LI>Max Depth = 8<LI>Call Chain = KEY13_Handler &rArr; KEY13
</UL>
<BR>[Calls]<UL><LI><a href="#[3a]">&gt;&gt;</a>&nbsp;&nbsp;&nbsp;KEY13
</UL>
<BR>[Address Reference Count : 1]<UL><LI> startup_cmsdk_cm0.o(RESET)
</UL>
<P><STRONG><a name="[16]"></a>KEY14_Handler</STRONG> (Thumb, 8 bytes, Stack size 0 bytes, startup_cmsdk_cm0.o(.text))
<BR><BR>[Stack]<UL><LI>Max Depth = 8<LI>Call Chain = KEY14_Handler &rArr; KEY14
</UL>
<BR>[Calls]<UL><LI><a href="#[3b]">&gt;&gt;</a>&nbsp;&nbsp;&nbsp;KEY14
</UL>
<BR>[Address Reference Count : 1]<UL><LI> startup_cmsdk_cm0.o(RESET)
</UL>
<P><STRONG><a name="[17]"></a>KEY15_Handler</STRONG> (Thumb, 8 bytes, Stack size 0 bytes, startup_cmsdk_cm0.o(.text))
<BR><BR>[Stack]<UL><LI>Max Depth = 8<LI>Call Chain = KEY15_Handler &rArr; KEY15
</UL>
<BR>[Calls]<UL><LI><a href="#[3c]">&gt;&gt;</a>&nbsp;&nbsp;&nbsp;KEY15
</UL>
<BR>[Address Reference Count : 1]<UL><LI> startup_cmsdk_cm0.o(RESET)
</UL>
<P><STRONG><a name="[1b]"></a>__user_initial_stackheap</STRONG> (Thumb, 0 bytes, Stack size unknown bytes, startup_cmsdk_cm0.o(.text))
<BR><BR>[Called By]<UL><LI><a href="#[21]">&gt;&gt;</a>&nbsp;&nbsp;&nbsp;__user_setup_stackheap
</UL>

<P><STRONG><a name="[8d]"></a>__aeabi_uidiv</STRONG> (Thumb, 0 bytes, Stack size 0 bytes, aeabi_sdiv.o(.text), UNUSED)

<P><STRONG><a name="[65]"></a>__aeabi_uidivmod</STRONG> (Thumb, 20 bytes, Stack size 0 bytes, aeabi_sdiv.o(.text))
<BR><BR>[Called By]<UL><LI><a href="#[2c]">&gt;&gt;</a>&nbsp;&nbsp;&nbsp;TIMER
</UL>

<P><STRONG><a name="[8e]"></a>__aeabi_idiv</STRONG> (Thumb, 0 bytes, Stack size 8 bytes, aeabi_sdiv.o(.text), UNUSED)

<P><STRONG><a name="[67]"></a>__aeabi_idivmod</STRONG> (Thumb, 326 bytes, Stack size 8 bytes, aeabi_sdiv.o(.text))
<BR><BR>[Stack]<UL><LI>Max Depth = 8<LI>Call Chain = __aeabi_idivmod
</UL>
<BR>[Called By]<UL><LI><a href="#[2c]">&gt;&gt;</a>&nbsp;&nbsp;&nbsp;TIMER
</UL>

<P><STRONG><a name="[8f]"></a>__use_two_region_memory</STRONG> (Thumb, 2 bytes, Stack size 0 bytes, heapauxi.o(.text), UNUSED)

<P><STRONG><a name="[90]"></a>__rt_heap_escrow$2region</STRONG> (Thumb, 2 bytes, Stack size 0 bytes, heapauxi.o(.text), UNUSED)

<P><STRONG><a name="[91]"></a>__rt_heap_expand$2region</STRONG> (Thumb, 2 bytes, Stack size 0 bytes, heapauxi.o(.text), UNUSED)

<P><STRONG><a name="[21]"></a>__user_setup_stackheap</STRONG> (Thumb, 62 bytes, Stack size 8 bytes, sys_stackheap_outer.o(.text))
<BR><BR>[Stack]<UL><LI>Max Depth = 8 + Unknown Stack Size
<LI>Call Chain = __user_setup_stackheap
</UL>
<BR>[Calls]<UL><LI><a href="#[3d]">&gt;&gt;</a>&nbsp;&nbsp;&nbsp;__user_perproc_libspace
<LI><a href="#[1b]">&gt;&gt;</a>&nbsp;&nbsp;&nbsp;__user_initial_stackheap
</UL>
<BR>[Called By]<UL><LI><a href="#[20]">&gt;&gt;</a>&nbsp;&nbsp;&nbsp;__rt_entry_sh
</UL>

<P><STRONG><a name="[26]"></a>exit</STRONG> (Thumb, 16 bytes, Stack size 8 bytes, exit.o(.text))
<BR><BR>[Stack]<UL><LI>Max Depth = 8 + Unknown Stack Size
<LI>Call Chain = exit
</UL>
<BR>[Calls]<UL><LI><a href="#[3f]">&gt;&gt;</a>&nbsp;&nbsp;&nbsp;__rt_exit
<LI><a href="#[3e]">&gt;&gt;</a>&nbsp;&nbsp;&nbsp;_call_atexit_fns (Weak Reference)
</UL>
<BR>[Called By]<UL><LI><a href="#[24]">&gt;&gt;</a>&nbsp;&nbsp;&nbsp;__rt_entry_main
</UL>

<P><STRONG><a name="[92]"></a>__user_libspace</STRONG> (Thumb, 8 bytes, Stack size 0 bytes, libspace.o(.text), UNUSED)

<P><STRONG><a name="[3d]"></a>__user_perproc_libspace</STRONG> (Thumb, 0 bytes, Stack size 0 bytes, libspace.o(.text))
<BR><BR>[Called By]<UL><LI><a href="#[21]">&gt;&gt;</a>&nbsp;&nbsp;&nbsp;__user_setup_stackheap
</UL>

<P><STRONG><a name="[93]"></a>__user_perthread_libspace</STRONG> (Thumb, 0 bytes, Stack size 0 bytes, libspace.o(.text), UNUSED)

<P><STRONG><a name="[2a]"></a>_sys_exit</STRONG> (Thumb, 8 bytes, Stack size 0 bytes, sys_exit.o(.text))
<BR><BR>[Called By]<UL><LI><a href="#[29]">&gt;&gt;</a>&nbsp;&nbsp;&nbsp;__rt_exit_exit
</UL>

<P><STRONG><a name="[94]"></a>__I$use$semihosting</STRONG> (Thumb, 0 bytes, Stack size 0 bytes, use_no_semi.o(.text), UNUSED)

<P><STRONG><a name="[95]"></a>__use_no_semihosting_swi</STRONG> (Thumb, 2 bytes, Stack size 0 bytes, use_no_semi.o(.text), UNUSED)

<P><STRONG><a name="[96]"></a>__semihosting_library_function</STRONG> (Thumb, 0 bytes, Stack size unknown bytes, indicate_semi.o(.text), UNUSED)

<P><STRONG><a name="[51]"></a>Attacking</STRONG> (Thumb, 82 bytes, Stack size 0 bytes, role.o(i.Attacking))
<BR><BR>[Called By]<UL><LI><a href="#[30]">&gt;&gt;</a>&nbsp;&nbsp;&nbsp;KEY3
<LI><a href="#[39]">&gt;&gt;</a>&nbsp;&nbsp;&nbsp;KEY12
</UL>

<P><STRONG><a name="[60]"></a>Cure_define1</STRONG> (Thumb, 460 bytes, Stack size 0 bytes, role.o(i.Cure_define1))
<BR><BR>[Called By]<UL><LI><a href="#[5f]">&gt;&gt;</a>&nbsp;&nbsp;&nbsp;Squating1
</UL>

<P><STRONG><a name="[62]"></a>Cure_define2</STRONG> (Thumb, 460 bytes, Stack size 0 bytes, role.o(i.Cure_define2))
<BR><BR>[Called By]<UL><LI><a href="#[61]">&gt;&gt;</a>&nbsp;&nbsp;&nbsp;Squating2
</UL>

<P><STRONG><a name="[66]"></a>Damage_define</STRONG> (Thumb, 810 bytes, Stack size 0 bytes, role.o(i.Damage_define))
<BR><BR>[Called By]<UL><LI><a href="#[2c]">&gt;&gt;</a>&nbsp;&nbsp;&nbsp;TIMER
</UL>

<P><STRONG><a name="[40]"></a>Down1</STRONG> (Thumb, 308 bytes, Stack size 8 bytes, role.o(i.Down1))
<BR><BR>[Stack]<UL><LI>Max Depth = 16<LI>Call Chain = Down1 &rArr; __ARM_common_switch8
</UL>
<BR>[Calls]<UL><LI><a href="#[41]">&gt;&gt;</a>&nbsp;&nbsp;&nbsp;__ARM_common_switch8
<LI><a href="#[42]">&gt;&gt;</a>&nbsp;&nbsp;&nbsp;DrawLCD
</UL>
<BR>[Called By]<UL><LI><a href="#[2c]">&gt;&gt;</a>&nbsp;&nbsp;&nbsp;TIMER
</UL>

<P><STRONG><a name="[43]"></a>Down2</STRONG> (Thumb, 316 bytes, Stack size 8 bytes, role.o(i.Down2))
<BR><BR>[Stack]<UL><LI>Max Depth = 16<LI>Call Chain = Down2 &rArr; __ARM_common_switch8
</UL>
<BR>[Calls]<UL><LI><a href="#[41]">&gt;&gt;</a>&nbsp;&nbsp;&nbsp;__ARM_common_switch8
<LI><a href="#[42]">&gt;&gt;</a>&nbsp;&nbsp;&nbsp;DrawLCD
</UL>
<BR>[Called By]<UL><LI><a href="#[2c]">&gt;&gt;</a>&nbsp;&nbsp;&nbsp;TIMER
</UL>

<P><STRONG><a name="[42]"></a>DrawLCD</STRONG> (Thumb, 70 bytes, Stack size 8 bytes, code_def.o(i.DrawLCD))
<BR><BR>[Stack]<UL><LI>Max Depth = 8<LI>Call Chain = DrawLCD
</UL>
<BR>[Called By]<UL><LI><a href="#[64]">&gt;&gt;</a>&nbsp;&nbsp;&nbsp;Standing2
<LI><a href="#[63]">&gt;&gt;</a>&nbsp;&nbsp;&nbsp;Standing1
<LI><a href="#[61]">&gt;&gt;</a>&nbsp;&nbsp;&nbsp;Squating2
<LI><a href="#[5f]">&gt;&gt;</a>&nbsp;&nbsp;&nbsp;Squating1
<LI><a href="#[5e]">&gt;&gt;</a>&nbsp;&nbsp;&nbsp;Shooting2
<LI><a href="#[5d]">&gt;&gt;</a>&nbsp;&nbsp;&nbsp;Shooting1
<LI><a href="#[5c]">&gt;&gt;</a>&nbsp;&nbsp;&nbsp;RoleHPshowing
<LI><a href="#[5b]">&gt;&gt;</a>&nbsp;&nbsp;&nbsp;RightMoving2
<LI><a href="#[5a]">&gt;&gt;</a>&nbsp;&nbsp;&nbsp;RightMoving1
<LI><a href="#[59]">&gt;&gt;</a>&nbsp;&nbsp;&nbsp;RightAttacking2
<LI><a href="#[58]">&gt;&gt;</a>&nbsp;&nbsp;&nbsp;RightAttacking1
<LI><a href="#[57]">&gt;&gt;</a>&nbsp;&nbsp;&nbsp;MapDraw
<LI><a href="#[56]">&gt;&gt;</a>&nbsp;&nbsp;&nbsp;LeftMoving2
<LI><a href="#[55]">&gt;&gt;</a>&nbsp;&nbsp;&nbsp;LeftMoving1
<LI><a href="#[54]">&gt;&gt;</a>&nbsp;&nbsp;&nbsp;LeftAttacking2
<LI><a href="#[53]">&gt;&gt;</a>&nbsp;&nbsp;&nbsp;LeftAttacking1
<LI><a href="#[4d]">&gt;&gt;</a>&nbsp;&nbsp;&nbsp;Jumping2
<LI><a href="#[4c]">&gt;&gt;</a>&nbsp;&nbsp;&nbsp;Jumping1
<LI><a href="#[4b]">&gt;&gt;</a>&nbsp;&nbsp;&nbsp;IceGo
<LI><a href="#[4a]">&gt;&gt;</a>&nbsp;&nbsp;&nbsp;Ice
<LI><a href="#[49]">&gt;&gt;</a>&nbsp;&nbsp;&nbsp;Hurting2
<LI><a href="#[48]">&gt;&gt;</a>&nbsp;&nbsp;&nbsp;Hurting1
<LI><a href="#[47]">&gt;&gt;</a>&nbsp;&nbsp;&nbsp;Floating2
<LI><a href="#[46]">&gt;&gt;</a>&nbsp;&nbsp;&nbsp;Floating1
<LI><a href="#[45]">&gt;&gt;</a>&nbsp;&nbsp;&nbsp;FireGo
<LI><a href="#[44]">&gt;&gt;</a>&nbsp;&nbsp;&nbsp;Fire
<LI><a href="#[43]">&gt;&gt;</a>&nbsp;&nbsp;&nbsp;Down2
<LI><a href="#[40]">&gt;&gt;</a>&nbsp;&nbsp;&nbsp;Down1
<LI><a href="#[2c]">&gt;&gt;</a>&nbsp;&nbsp;&nbsp;TIMER
</UL>

<P><STRONG><a name="[44]"></a>Fire</STRONG> (Thumb, 1092 bytes, Stack size 8 bytes, role.o(i.Fire))
<BR><BR>[Stack]<UL><LI>Max Depth = 16<LI>Call Chain = Fire &rArr; __ARM_common_switch8
</UL>
<BR>[Calls]<UL><LI><a href="#[41]">&gt;&gt;</a>&nbsp;&nbsp;&nbsp;__ARM_common_switch8
<LI><a href="#[42]">&gt;&gt;</a>&nbsp;&nbsp;&nbsp;DrawLCD
</UL>
<BR>[Called By]<UL><LI><a href="#[2c]">&gt;&gt;</a>&nbsp;&nbsp;&nbsp;TIMER
</UL>

<P><STRONG><a name="[45]"></a>FireGo</STRONG> (Thumb, 974 bytes, Stack size 8 bytes, role.o(i.FireGo))
<BR><BR>[Stack]<UL><LI>Max Depth = 16<LI>Call Chain = FireGo &rArr; __ARM_common_switch8
</UL>
<BR>[Calls]<UL><LI><a href="#[41]">&gt;&gt;</a>&nbsp;&nbsp;&nbsp;__ARM_common_switch8
<LI><a href="#[42]">&gt;&gt;</a>&nbsp;&nbsp;&nbsp;DrawLCD
</UL>
<BR>[Called By]<UL><LI><a href="#[2c]">&gt;&gt;</a>&nbsp;&nbsp;&nbsp;TIMER
</UL>

<P><STRONG><a name="[46]"></a>Floating1</STRONG> (Thumb, 264 bytes, Stack size 8 bytes, role.o(i.Floating1))
<BR><BR>[Stack]<UL><LI>Max Depth = 16<LI>Call Chain = Floating1 &rArr; __ARM_common_switch8
</UL>
<BR>[Calls]<UL><LI><a href="#[41]">&gt;&gt;</a>&nbsp;&nbsp;&nbsp;__ARM_common_switch8
<LI><a href="#[42]">&gt;&gt;</a>&nbsp;&nbsp;&nbsp;DrawLCD
</UL>
<BR>[Called By]<UL><LI><a href="#[2c]">&gt;&gt;</a>&nbsp;&nbsp;&nbsp;TIMER
</UL>

<P><STRONG><a name="[47]"></a>Floating2</STRONG> (Thumb, 274 bytes, Stack size 8 bytes, role.o(i.Floating2))
<BR><BR>[Stack]<UL><LI>Max Depth = 16<LI>Call Chain = Floating2 &rArr; __ARM_common_switch8
</UL>
<BR>[Calls]<UL><LI><a href="#[41]">&gt;&gt;</a>&nbsp;&nbsp;&nbsp;__ARM_common_switch8
<LI><a href="#[42]">&gt;&gt;</a>&nbsp;&nbsp;&nbsp;DrawLCD
</UL>
<BR>[Called By]<UL><LI><a href="#[2c]">&gt;&gt;</a>&nbsp;&nbsp;&nbsp;TIMER
</UL>

<P><STRONG><a name="[48]"></a>Hurting1</STRONG> (Thumb, 126 bytes, Stack size 8 bytes, role.o(i.Hurting1))
<BR><BR>[Stack]<UL><LI>Max Depth = 16<LI>Call Chain = Hurting1 &rArr; DrawLCD
</UL>
<BR>[Calls]<UL><LI><a href="#[42]">&gt;&gt;</a>&nbsp;&nbsp;&nbsp;DrawLCD
</UL>
<BR>[Called By]<UL><LI><a href="#[2c]">&gt;&gt;</a>&nbsp;&nbsp;&nbsp;TIMER
</UL>

<P><STRONG><a name="[49]"></a>Hurting2</STRONG> (Thumb, 126 bytes, Stack size 8 bytes, role.o(i.Hurting2))
<BR><BR>[Stack]<UL><LI>Max Depth = 16<LI>Call Chain = Hurting2 &rArr; DrawLCD
</UL>
<BR>[Calls]<UL><LI><a href="#[42]">&gt;&gt;</a>&nbsp;&nbsp;&nbsp;DrawLCD
</UL>
<BR>[Called By]<UL><LI><a href="#[2c]">&gt;&gt;</a>&nbsp;&nbsp;&nbsp;TIMER
</UL>

<P><STRONG><a name="[4a]"></a>Ice</STRONG> (Thumb, 1144 bytes, Stack size 8 bytes, role.o(i.Ice))
<BR><BR>[Stack]<UL><LI>Max Depth = 16<LI>Call Chain = Ice &rArr; __ARM_common_switch8
</UL>
<BR>[Calls]<UL><LI><a href="#[41]">&gt;&gt;</a>&nbsp;&nbsp;&nbsp;__ARM_common_switch8
<LI><a href="#[42]">&gt;&gt;</a>&nbsp;&nbsp;&nbsp;DrawLCD
</UL>
<BR>[Called By]<UL><LI><a href="#[2c]">&gt;&gt;</a>&nbsp;&nbsp;&nbsp;TIMER
</UL>

<P><STRONG><a name="[4b]"></a>IceGo</STRONG> (Thumb, 1082 bytes, Stack size 8 bytes, role.o(i.IceGo))
<BR><BR>[Stack]<UL><LI>Max Depth = 16<LI>Call Chain = IceGo &rArr; __ARM_common_switch8
</UL>
<BR>[Calls]<UL><LI><a href="#[41]">&gt;&gt;</a>&nbsp;&nbsp;&nbsp;__ARM_common_switch8
<LI><a href="#[42]">&gt;&gt;</a>&nbsp;&nbsp;&nbsp;DrawLCD
</UL>
<BR>[Called By]<UL><LI><a href="#[2c]">&gt;&gt;</a>&nbsp;&nbsp;&nbsp;TIMER
</UL>

<P><STRONG><a name="[4c]"></a>Jumping1</STRONG> (Thumb, 232 bytes, Stack size 8 bytes, role.o(i.Jumping1))
<BR><BR>[Stack]<UL><LI>Max Depth = 16<LI>Call Chain = Jumping1 &rArr; __ARM_common_switch8
</UL>
<BR>[Calls]<UL><LI><a href="#[41]">&gt;&gt;</a>&nbsp;&nbsp;&nbsp;__ARM_common_switch8
<LI><a href="#[42]">&gt;&gt;</a>&nbsp;&nbsp;&nbsp;DrawLCD
</UL>
<BR>[Called By]<UL><LI><a href="#[2c]">&gt;&gt;</a>&nbsp;&nbsp;&nbsp;TIMER
</UL>

<P><STRONG><a name="[4d]"></a>Jumping2</STRONG> (Thumb, 240 bytes, Stack size 8 bytes, role.o(i.Jumping2))
<BR><BR>[Stack]<UL><LI>Max Depth = 16<LI>Call Chain = Jumping2 &rArr; __ARM_common_switch8
</UL>
<BR>[Calls]<UL><LI><a href="#[41]">&gt;&gt;</a>&nbsp;&nbsp;&nbsp;__ARM_common_switch8
<LI><a href="#[42]">&gt;&gt;</a>&nbsp;&nbsp;&nbsp;DrawLCD
</UL>
<BR>[Called By]<UL><LI><a href="#[2c]">&gt;&gt;</a>&nbsp;&nbsp;&nbsp;TIMER
</UL>

<P><STRONG><a name="[2d]"></a>KEY0</STRONG> (Thumb, 42 bytes, Stack size 8 bytes, keyboard.o(i.KEY0))
<BR><BR>[Stack]<UL><LI>Max Depth = 8<LI>Call Chain = KEY0
</UL>
<BR>[Calls]<UL><LI><a href="#[4e]">&gt;&gt;</a>&nbsp;&nbsp;&nbsp;RoleMovingLeft
</UL>
<BR>[Called By]<UL><LI><a href="#[8]">&gt;&gt;</a>&nbsp;&nbsp;&nbsp;KEY0_Handler
</UL>

<P><STRONG><a name="[2e]"></a>KEY1</STRONG> (Thumb, 18 bytes, Stack size 8 bytes, keyboard.o(i.KEY1))
<BR><BR>[Stack]<UL><LI>Max Depth = 8<LI>Call Chain = KEY1
</UL>
<BR>[Calls]<UL><LI><a href="#[4f]">&gt;&gt;</a>&nbsp;&nbsp;&nbsp;RoleSquat
</UL>
<BR>[Called By]<UL><LI><a href="#[9]">&gt;&gt;</a>&nbsp;&nbsp;&nbsp;KEY1_Handler
</UL>

<P><STRONG><a name="[37]"></a>KEY10</STRONG> (Thumb, 36 bytes, Stack size 8 bytes, keyboard.o(i.KEY10))
<BR><BR>[Stack]<UL><LI>Max Depth = 8<LI>Call Chain = KEY10
</UL>
<BR>[Calls]<UL><LI><a href="#[50]">&gt;&gt;</a>&nbsp;&nbsp;&nbsp;RoleJumping
</UL>
<BR>[Called By]<UL><LI><a href="#[12]">&gt;&gt;</a>&nbsp;&nbsp;&nbsp;KEY10_Handler
</UL>

<P><STRONG><a name="[38]"></a>KEY11</STRONG> (Thumb, 2 bytes, Stack size 0 bytes, keyboard.o(i.KEY11))
<BR><BR>[Called By]<UL><LI><a href="#[13]">&gt;&gt;</a>&nbsp;&nbsp;&nbsp;KEY11_Handler
</UL>

<P><STRONG><a name="[39]"></a>KEY12</STRONG> (Thumb, 144 bytes, Stack size 8 bytes, keyboard.o(i.KEY12))
<BR><BR>[Stack]<UL><LI>Max Depth = 8<LI>Call Chain = KEY12
</UL>
<BR>[Calls]<UL><LI><a href="#[51]">&gt;&gt;</a>&nbsp;&nbsp;&nbsp;Attacking
</UL>
<BR>[Called By]<UL><LI><a href="#[14]">&gt;&gt;</a>&nbsp;&nbsp;&nbsp;KEY12_Handler
</UL>

<P><STRONG><a name="[3a]"></a>KEY13</STRONG> (Thumb, 48 bytes, Stack size 8 bytes, keyboard.o(i.KEY13))
<BR><BR>[Stack]<UL><LI>Max Depth = 8<LI>Call Chain = KEY13
</UL>
<BR>[Calls]<UL><LI><a href="#[52]">&gt;&gt;</a>&nbsp;&nbsp;&nbsp;RoleMovingRight
</UL>
<BR>[Called By]<UL><LI><a href="#[15]">&gt;&gt;</a>&nbsp;&nbsp;&nbsp;KEY13_Handler
</UL>

<P><STRONG><a name="[3b]"></a>KEY14</STRONG> (Thumb, 18 bytes, Stack size 8 bytes, keyboard.o(i.KEY14))
<BR><BR>[Stack]<UL><LI>Max Depth = 8<LI>Call Chain = KEY14
</UL>
<BR>[Calls]<UL><LI><a href="#[4f]">&gt;&gt;</a>&nbsp;&nbsp;&nbsp;RoleSquat
</UL>
<BR>[Called By]<UL><LI><a href="#[16]">&gt;&gt;</a>&nbsp;&nbsp;&nbsp;KEY14_Handler
</UL>

<P><STRONG><a name="[3c]"></a>KEY15</STRONG> (Thumb, 48 bytes, Stack size 8 bytes, keyboard.o(i.KEY15))
<BR><BR>[Stack]<UL><LI>Max Depth = 8<LI>Call Chain = KEY15
</UL>
<BR>[Calls]<UL><LI><a href="#[4e]">&gt;&gt;</a>&nbsp;&nbsp;&nbsp;RoleMovingLeft
</UL>
<BR>[Called By]<UL><LI><a href="#[17]">&gt;&gt;</a>&nbsp;&nbsp;&nbsp;KEY15_Handler
</UL>

<P><STRONG><a name="[2f]"></a>KEY2</STRONG> (Thumb, 42 bytes, Stack size 8 bytes, keyboard.o(i.KEY2))
<BR><BR>[Stack]<UL><LI>Max Depth = 8<LI>Call Chain = KEY2
</UL>
<BR>[Calls]<UL><LI><a href="#[52]">&gt;&gt;</a>&nbsp;&nbsp;&nbsp;RoleMovingRight
</UL>
<BR>[Called By]<UL><LI><a href="#[a]">&gt;&gt;</a>&nbsp;&nbsp;&nbsp;KEY2_Handler
</UL>

<P><STRONG><a name="[30]"></a>KEY3</STRONG> (Thumb, 138 bytes, Stack size 8 bytes, keyboard.o(i.KEY3))
<BR><BR>[Stack]<UL><LI>Max Depth = 8<LI>Call Chain = KEY3
</UL>
<BR>[Calls]<UL><LI><a href="#[51]">&gt;&gt;</a>&nbsp;&nbsp;&nbsp;Attacking
</UL>
<BR>[Called By]<UL><LI><a href="#[b]">&gt;&gt;</a>&nbsp;&nbsp;&nbsp;KEY3_Handler
</UL>

<P><STRONG><a name="[31]"></a>KEY4</STRONG> (Thumb, 2 bytes, Stack size 0 bytes, keyboard.o(i.KEY4))
<BR><BR>[Called By]<UL><LI><a href="#[c]">&gt;&gt;</a>&nbsp;&nbsp;&nbsp;KEY4_Handler
</UL>

<P><STRONG><a name="[32]"></a>KEY5</STRONG> (Thumb, 36 bytes, Stack size 8 bytes, keyboard.o(i.KEY5))
<BR><BR>[Stack]<UL><LI>Max Depth = 8<LI>Call Chain = KEY5
</UL>
<BR>[Calls]<UL><LI><a href="#[50]">&gt;&gt;</a>&nbsp;&nbsp;&nbsp;RoleJumping
</UL>
<BR>[Called By]<UL><LI><a href="#[d]">&gt;&gt;</a>&nbsp;&nbsp;&nbsp;KEY5_Handler
</UL>

<P><STRONG><a name="[33]"></a>KEY6</STRONG> (Thumb, 8 bytes, Stack size 0 bytes, keyboard.o(i.KEY6))
<BR><BR>[Called By]<UL><LI><a href="#[e]">&gt;&gt;</a>&nbsp;&nbsp;&nbsp;KEY6_Handler
</UL>

<P><STRONG><a name="[34]"></a>KEY7</STRONG> (Thumb, 74 bytes, Stack size 0 bytes, keyboard.o(i.KEY7))
<BR><BR>[Called By]<UL><LI><a href="#[f]">&gt;&gt;</a>&nbsp;&nbsp;&nbsp;KEY7_Handler
</UL>

<P><STRONG><a name="[35]"></a>KEY8</STRONG> (Thumb, 74 bytes, Stack size 0 bytes, keyboard.o(i.KEY8))
<BR><BR>[Called By]<UL><LI><a href="#[10]">&gt;&gt;</a>&nbsp;&nbsp;&nbsp;KEY8_Handler
</UL>

<P><STRONG><a name="[36]"></a>KEY9</STRONG> (Thumb, 8 bytes, Stack size 0 bytes, keyboard.o(i.KEY9))
<BR><BR>[Called By]<UL><LI><a href="#[11]">&gt;&gt;</a>&nbsp;&nbsp;&nbsp;KEY9_Handler
</UL>

<P><STRONG><a name="[2b]"></a>LCD_FINISH</STRONG> (Thumb, 8 bytes, Stack size 0 bytes, keyboard.o(i.LCD_FINISH))
<BR><BR>[Called By]<UL><LI><a href="#[6]">&gt;&gt;</a>&nbsp;&nbsp;&nbsp;LCDRUN_Handler
</UL>

<P><STRONG><a name="[53]"></a>LeftAttacking1</STRONG> (Thumb, 1434 bytes, Stack size 8 bytes, role.o(i.LeftAttacking1))
<BR><BR>[Stack]<UL><LI>Max Depth = 16<LI>Call Chain = LeftAttacking1 &rArr; DrawLCD
</UL>
<BR>[Calls]<UL><LI><a href="#[42]">&gt;&gt;</a>&nbsp;&nbsp;&nbsp;DrawLCD
</UL>
<BR>[Called By]<UL><LI><a href="#[2c]">&gt;&gt;</a>&nbsp;&nbsp;&nbsp;TIMER
</UL>

<P><STRONG><a name="[54]"></a>LeftAttacking2</STRONG> (Thumb, 1538 bytes, Stack size 8 bytes, role.o(i.LeftAttacking2))
<BR><BR>[Stack]<UL><LI>Max Depth = 16<LI>Call Chain = LeftAttacking2 &rArr; DrawLCD
</UL>
<BR>[Calls]<UL><LI><a href="#[42]">&gt;&gt;</a>&nbsp;&nbsp;&nbsp;DrawLCD
</UL>
<BR>[Called By]<UL><LI><a href="#[2c]">&gt;&gt;</a>&nbsp;&nbsp;&nbsp;TIMER
</UL>

<P><STRONG><a name="[55]"></a>LeftMoving1</STRONG> (Thumb, 166 bytes, Stack size 8 bytes, role.o(i.LeftMoving1))
<BR><BR>[Stack]<UL><LI>Max Depth = 16<LI>Call Chain = LeftMoving1 &rArr; __ARM_common_switch8
</UL>
<BR>[Calls]<UL><LI><a href="#[41]">&gt;&gt;</a>&nbsp;&nbsp;&nbsp;__ARM_common_switch8
<LI><a href="#[42]">&gt;&gt;</a>&nbsp;&nbsp;&nbsp;DrawLCD
</UL>
<BR>[Called By]<UL><LI><a href="#[2c]">&gt;&gt;</a>&nbsp;&nbsp;&nbsp;TIMER
</UL>

<P><STRONG><a name="[56]"></a>LeftMoving2</STRONG> (Thumb, 166 bytes, Stack size 8 bytes, role.o(i.LeftMoving2))
<BR><BR>[Stack]<UL><LI>Max Depth = 16<LI>Call Chain = LeftMoving2 &rArr; __ARM_common_switch8
</UL>
<BR>[Calls]<UL><LI><a href="#[41]">&gt;&gt;</a>&nbsp;&nbsp;&nbsp;__ARM_common_switch8
<LI><a href="#[42]">&gt;&gt;</a>&nbsp;&nbsp;&nbsp;DrawLCD
</UL>
<BR>[Called By]<UL><LI><a href="#[2c]">&gt;&gt;</a>&nbsp;&nbsp;&nbsp;TIMER
</UL>

<P><STRONG><a name="[57]"></a>MapDraw</STRONG> (Thumb, 28 bytes, Stack size 8 bytes, role.o(i.MapDraw))
<BR><BR>[Stack]<UL><LI>Max Depth = 16<LI>Call Chain = MapDraw &rArr; DrawLCD
</UL>
<BR>[Calls]<UL><LI><a href="#[42]">&gt;&gt;</a>&nbsp;&nbsp;&nbsp;DrawLCD
</UL>
<BR>[Called By]<UL><LI><a href="#[2c]">&gt;&gt;</a>&nbsp;&nbsp;&nbsp;TIMER
</UL>

<P><STRONG><a name="[68]"></a>MusicPlay</STRONG> (Thumb, 20 bytes, Stack size 0 bytes, code_def.o(i.MusicPlay))
<BR><BR>[Called By]<UL><LI><a href="#[2c]">&gt;&gt;</a>&nbsp;&nbsp;&nbsp;TIMER
</UL>

<P><STRONG><a name="[58]"></a>RightAttacking1</STRONG> (Thumb, 1580 bytes, Stack size 8 bytes, role.o(i.RightAttacking1))
<BR><BR>[Stack]<UL><LI>Max Depth = 16<LI>Call Chain = RightAttacking1 &rArr; DrawLCD
</UL>
<BR>[Calls]<UL><LI><a href="#[42]">&gt;&gt;</a>&nbsp;&nbsp;&nbsp;DrawLCD
</UL>
<BR>[Called By]<UL><LI><a href="#[2c]">&gt;&gt;</a>&nbsp;&nbsp;&nbsp;TIMER
</UL>

<P><STRONG><a name="[59]"></a>RightAttacking2</STRONG> (Thumb, 1640 bytes, Stack size 8 bytes, role.o(i.RightAttacking2))
<BR><BR>[Stack]<UL><LI>Max Depth = 16<LI>Call Chain = RightAttacking2 &rArr; DrawLCD
</UL>
<BR>[Calls]<UL><LI><a href="#[42]">&gt;&gt;</a>&nbsp;&nbsp;&nbsp;DrawLCD
</UL>
<BR>[Called By]<UL><LI><a href="#[2c]">&gt;&gt;</a>&nbsp;&nbsp;&nbsp;TIMER
</UL>

<P><STRONG><a name="[5a]"></a>RightMoving1</STRONG> (Thumb, 166 bytes, Stack size 8 bytes, role.o(i.RightMoving1))
<BR><BR>[Stack]<UL><LI>Max Depth = 16<LI>Call Chain = RightMoving1 &rArr; __ARM_common_switch8
</UL>
<BR>[Calls]<UL><LI><a href="#[41]">&gt;&gt;</a>&nbsp;&nbsp;&nbsp;__ARM_common_switch8
<LI><a href="#[42]">&gt;&gt;</a>&nbsp;&nbsp;&nbsp;DrawLCD
</UL>
<BR>[Called By]<UL><LI><a href="#[2c]">&gt;&gt;</a>&nbsp;&nbsp;&nbsp;TIMER
</UL>

<P><STRONG><a name="[5b]"></a>RightMoving2</STRONG> (Thumb, 166 bytes, Stack size 8 bytes, role.o(i.RightMoving2))
<BR><BR>[Stack]<UL><LI>Max Depth = 16<LI>Call Chain = RightMoving2 &rArr; __ARM_common_switch8
</UL>
<BR>[Calls]<UL><LI><a href="#[41]">&gt;&gt;</a>&nbsp;&nbsp;&nbsp;__ARM_common_switch8
<LI><a href="#[42]">&gt;&gt;</a>&nbsp;&nbsp;&nbsp;DrawLCD
</UL>
<BR>[Called By]<UL><LI><a href="#[2c]">&gt;&gt;</a>&nbsp;&nbsp;&nbsp;TIMER
</UL>

<P><STRONG><a name="[5c]"></a>RoleHPshowing</STRONG> (Thumb, 2628 bytes, Stack size 8 bytes, role.o(i.RoleHPshowing))
<BR><BR>[Stack]<UL><LI>Max Depth = 16<LI>Call Chain = RoleHPshowing &rArr; DrawLCD
</UL>
<BR>[Calls]<UL><LI><a href="#[42]">&gt;&gt;</a>&nbsp;&nbsp;&nbsp;DrawLCD
</UL>
<BR>[Called By]<UL><LI><a href="#[2c]">&gt;&gt;</a>&nbsp;&nbsp;&nbsp;TIMER
</UL>

<P><STRONG><a name="[50]"></a>RoleJumping</STRONG> (Thumb, 30 bytes, Stack size 0 bytes, role.o(i.RoleJumping))
<BR><BR>[Called By]<UL><LI><a href="#[32]">&gt;&gt;</a>&nbsp;&nbsp;&nbsp;KEY5
<LI><a href="#[37]">&gt;&gt;</a>&nbsp;&nbsp;&nbsp;KEY10
</UL>

<P><STRONG><a name="[4e]"></a>RoleMovingLeft</STRONG> (Thumb, 42 bytes, Stack size 0 bytes, role.o(i.RoleMovingLeft))
<BR><BR>[Called By]<UL><LI><a href="#[3c]">&gt;&gt;</a>&nbsp;&nbsp;&nbsp;KEY15
<LI><a href="#[2d]">&gt;&gt;</a>&nbsp;&nbsp;&nbsp;KEY0
</UL>

<P><STRONG><a name="[52]"></a>RoleMovingRight</STRONG> (Thumb, 38 bytes, Stack size 0 bytes, role.o(i.RoleMovingRight))
<BR><BR>[Called By]<UL><LI><a href="#[2f]">&gt;&gt;</a>&nbsp;&nbsp;&nbsp;KEY2
<LI><a href="#[3a]">&gt;&gt;</a>&nbsp;&nbsp;&nbsp;KEY13
</UL>

<P><STRONG><a name="[4f]"></a>RoleSquat</STRONG> (Thumb, 30 bytes, Stack size 0 bytes, role.o(i.RoleSquat))
<BR><BR>[Called By]<UL><LI><a href="#[3b]">&gt;&gt;</a>&nbsp;&nbsp;&nbsp;KEY14
<LI><a href="#[2e]">&gt;&gt;</a>&nbsp;&nbsp;&nbsp;KEY1
</UL>

<P><STRONG><a name="[69]"></a>Role_Ini</STRONG> (Thumb, 204 bytes, Stack size 0 bytes, role.o(i.Role_Ini))
<BR><BR>[Called By]<UL><LI><a href="#[25]">&gt;&gt;</a>&nbsp;&nbsp;&nbsp;main
</UL>

<P><STRONG><a name="[5d]"></a>Shooting1</STRONG> (Thumb, 316 bytes, Stack size 8 bytes, role.o(i.Shooting1))
<BR><BR>[Stack]<UL><LI>Max Depth = 16<LI>Call Chain = Shooting1 &rArr; __ARM_common_switch8
</UL>
<BR>[Calls]<UL><LI><a href="#[41]">&gt;&gt;</a>&nbsp;&nbsp;&nbsp;__ARM_common_switch8
<LI><a href="#[42]">&gt;&gt;</a>&nbsp;&nbsp;&nbsp;DrawLCD
</UL>
<BR>[Called By]<UL><LI><a href="#[2c]">&gt;&gt;</a>&nbsp;&nbsp;&nbsp;TIMER
</UL>

<P><STRONG><a name="[5e]"></a>Shooting2</STRONG> (Thumb, 334 bytes, Stack size 8 bytes, role.o(i.Shooting2))
<BR><BR>[Stack]<UL><LI>Max Depth = 16<LI>Call Chain = Shooting2 &rArr; __ARM_common_switch8
</UL>
<BR>[Calls]<UL><LI><a href="#[41]">&gt;&gt;</a>&nbsp;&nbsp;&nbsp;__ARM_common_switch8
<LI><a href="#[42]">&gt;&gt;</a>&nbsp;&nbsp;&nbsp;DrawLCD
</UL>
<BR>[Called By]<UL><LI><a href="#[2c]">&gt;&gt;</a>&nbsp;&nbsp;&nbsp;TIMER
</UL>

<P><STRONG><a name="[5f]"></a>Squating1</STRONG> (Thumb, 324 bytes, Stack size 8 bytes, role.o(i.Squating1))
<BR><BR>[Stack]<UL><LI>Max Depth = 16<LI>Call Chain = Squating1 &rArr; __ARM_common_switch8
</UL>
<BR>[Calls]<UL><LI><a href="#[60]">&gt;&gt;</a>&nbsp;&nbsp;&nbsp;Cure_define1
<LI><a href="#[41]">&gt;&gt;</a>&nbsp;&nbsp;&nbsp;__ARM_common_switch8
<LI><a href="#[42]">&gt;&gt;</a>&nbsp;&nbsp;&nbsp;DrawLCD
</UL>
<BR>[Called By]<UL><LI><a href="#[2c]">&gt;&gt;</a>&nbsp;&nbsp;&nbsp;TIMER
</UL>

<P><STRONG><a name="[61]"></a>Squating2</STRONG> (Thumb, 332 bytes, Stack size 8 bytes, role.o(i.Squating2))
<BR><BR>[Stack]<UL><LI>Max Depth = 16<LI>Call Chain = Squating2 &rArr; __ARM_common_switch8
</UL>
<BR>[Calls]<UL><LI><a href="#[62]">&gt;&gt;</a>&nbsp;&nbsp;&nbsp;Cure_define2
<LI><a href="#[41]">&gt;&gt;</a>&nbsp;&nbsp;&nbsp;__ARM_common_switch8
<LI><a href="#[42]">&gt;&gt;</a>&nbsp;&nbsp;&nbsp;DrawLCD
</UL>
<BR>[Called By]<UL><LI><a href="#[2c]">&gt;&gt;</a>&nbsp;&nbsp;&nbsp;TIMER
</UL>

<P><STRONG><a name="[63]"></a>Standing1</STRONG> (Thumb, 108 bytes, Stack size 8 bytes, role.o(i.Standing1))
<BR><BR>[Stack]<UL><LI>Max Depth = 16<LI>Call Chain = Standing1 &rArr; DrawLCD
</UL>
<BR>[Calls]<UL><LI><a href="#[42]">&gt;&gt;</a>&nbsp;&nbsp;&nbsp;DrawLCD
</UL>
<BR>[Called By]<UL><LI><a href="#[2c]">&gt;&gt;</a>&nbsp;&nbsp;&nbsp;TIMER
</UL>

<P><STRONG><a name="[64]"></a>Standing2</STRONG> (Thumb, 116 bytes, Stack size 8 bytes, role.o(i.Standing2))
<BR><BR>[Stack]<UL><LI>Max Depth = 16<LI>Call Chain = Standing2 &rArr; DrawLCD
</UL>
<BR>[Calls]<UL><LI><a href="#[42]">&gt;&gt;</a>&nbsp;&nbsp;&nbsp;DrawLCD
</UL>
<BR>[Called By]<UL><LI><a href="#[2c]">&gt;&gt;</a>&nbsp;&nbsp;&nbsp;TIMER
</UL>

<P><STRONG><a name="[2c]"></a>TIMER</STRONG> (Thumb, 740 bytes, Stack size 8 bytes, keyboard.o(i.TIMER))
<BR><BR>[Stack]<UL><LI>Max Depth = 24<LI>Call Chain = TIMER &rArr; Standing2 &rArr; DrawLCD
</UL>
<BR>[Calls]<UL><LI><a href="#[67]">&gt;&gt;</a>&nbsp;&nbsp;&nbsp;__aeabi_idivmod
<LI><a href="#[65]">&gt;&gt;</a>&nbsp;&nbsp;&nbsp;__aeabi_uidivmod
<LI><a href="#[64]">&gt;&gt;</a>&nbsp;&nbsp;&nbsp;Standing2
<LI><a href="#[63]">&gt;&gt;</a>&nbsp;&nbsp;&nbsp;Standing1
<LI><a href="#[61]">&gt;&gt;</a>&nbsp;&nbsp;&nbsp;Squating2
<LI><a href="#[5f]">&gt;&gt;</a>&nbsp;&nbsp;&nbsp;Squating1
<LI><a href="#[5e]">&gt;&gt;</a>&nbsp;&nbsp;&nbsp;Shooting2
<LI><a href="#[5d]">&gt;&gt;</a>&nbsp;&nbsp;&nbsp;Shooting1
<LI><a href="#[5c]">&gt;&gt;</a>&nbsp;&nbsp;&nbsp;RoleHPshowing
<LI><a href="#[5b]">&gt;&gt;</a>&nbsp;&nbsp;&nbsp;RightMoving2
<LI><a href="#[5a]">&gt;&gt;</a>&nbsp;&nbsp;&nbsp;RightMoving1
<LI><a href="#[59]">&gt;&gt;</a>&nbsp;&nbsp;&nbsp;RightAttacking2
<LI><a href="#[58]">&gt;&gt;</a>&nbsp;&nbsp;&nbsp;RightAttacking1
<LI><a href="#[57]">&gt;&gt;</a>&nbsp;&nbsp;&nbsp;MapDraw
<LI><a href="#[56]">&gt;&gt;</a>&nbsp;&nbsp;&nbsp;LeftMoving2
<LI><a href="#[55]">&gt;&gt;</a>&nbsp;&nbsp;&nbsp;LeftMoving1
<LI><a href="#[54]">&gt;&gt;</a>&nbsp;&nbsp;&nbsp;LeftAttacking2
<LI><a href="#[53]">&gt;&gt;</a>&nbsp;&nbsp;&nbsp;LeftAttacking1
<LI><a href="#[4d]">&gt;&gt;</a>&nbsp;&nbsp;&nbsp;Jumping2
<LI><a href="#[4c]">&gt;&gt;</a>&nbsp;&nbsp;&nbsp;Jumping1
<LI><a href="#[4b]">&gt;&gt;</a>&nbsp;&nbsp;&nbsp;IceGo
<LI><a href="#[4a]">&gt;&gt;</a>&nbsp;&nbsp;&nbsp;Ice
<LI><a href="#[49]">&gt;&gt;</a>&nbsp;&nbsp;&nbsp;Hurting2
<LI><a href="#[48]">&gt;&gt;</a>&nbsp;&nbsp;&nbsp;Hurting1
<LI><a href="#[47]">&gt;&gt;</a>&nbsp;&nbsp;&nbsp;Floating2
<LI><a href="#[46]">&gt;&gt;</a>&nbsp;&nbsp;&nbsp;Floating1
<LI><a href="#[45]">&gt;&gt;</a>&nbsp;&nbsp;&nbsp;FireGo
<LI><a href="#[44]">&gt;&gt;</a>&nbsp;&nbsp;&nbsp;Fire
<LI><a href="#[43]">&gt;&gt;</a>&nbsp;&nbsp;&nbsp;Down2
<LI><a href="#[40]">&gt;&gt;</a>&nbsp;&nbsp;&nbsp;Down1
<LI><a href="#[66]">&gt;&gt;</a>&nbsp;&nbsp;&nbsp;Damage_define
<LI><a href="#[41]">&gt;&gt;</a>&nbsp;&nbsp;&nbsp;__ARM_common_switch8
<LI><a href="#[68]">&gt;&gt;</a>&nbsp;&nbsp;&nbsp;MusicPlay
<LI><a href="#[42]">&gt;&gt;</a>&nbsp;&nbsp;&nbsp;DrawLCD
</UL>
<BR>[Called By]<UL><LI><a href="#[7]">&gt;&gt;</a>&nbsp;&nbsp;&nbsp;TIMER_Handler
</UL>

<P><STRONG><a name="[41]"></a>__ARM_common_switch8</STRONG> (Thumb, 28 bytes, Stack size 8 bytes, keyboard.o(i.__ARM_common_switch8))
<BR><BR>[Stack]<UL><LI>Max Depth = 8<LI>Call Chain = __ARM_common_switch8
</UL>
<BR>[Called By]<UL><LI><a href="#[61]">&gt;&gt;</a>&nbsp;&nbsp;&nbsp;Squating2
<LI><a href="#[5f]">&gt;&gt;</a>&nbsp;&nbsp;&nbsp;Squating1
<LI><a href="#[5e]">&gt;&gt;</a>&nbsp;&nbsp;&nbsp;Shooting2
<LI><a href="#[5d]">&gt;&gt;</a>&nbsp;&nbsp;&nbsp;Shooting1
<LI><a href="#[5b]">&gt;&gt;</a>&nbsp;&nbsp;&nbsp;RightMoving2
<LI><a href="#[5a]">&gt;&gt;</a>&nbsp;&nbsp;&nbsp;RightMoving1
<LI><a href="#[56]">&gt;&gt;</a>&nbsp;&nbsp;&nbsp;LeftMoving2
<LI><a href="#[55]">&gt;&gt;</a>&nbsp;&nbsp;&nbsp;LeftMoving1
<LI><a href="#[4d]">&gt;&gt;</a>&nbsp;&nbsp;&nbsp;Jumping2
<LI><a href="#[4c]">&gt;&gt;</a>&nbsp;&nbsp;&nbsp;Jumping1
<LI><a href="#[4b]">&gt;&gt;</a>&nbsp;&nbsp;&nbsp;IceGo
<LI><a href="#[4a]">&gt;&gt;</a>&nbsp;&nbsp;&nbsp;Ice
<LI><a href="#[47]">&gt;&gt;</a>&nbsp;&nbsp;&nbsp;Floating2
<LI><a href="#[46]">&gt;&gt;</a>&nbsp;&nbsp;&nbsp;Floating1
<LI><a href="#[45]">&gt;&gt;</a>&nbsp;&nbsp;&nbsp;FireGo
<LI><a href="#[44]">&gt;&gt;</a>&nbsp;&nbsp;&nbsp;Fire
<LI><a href="#[43]">&gt;&gt;</a>&nbsp;&nbsp;&nbsp;Down2
<LI><a href="#[40]">&gt;&gt;</a>&nbsp;&nbsp;&nbsp;Down1
<LI><a href="#[2c]">&gt;&gt;</a>&nbsp;&nbsp;&nbsp;TIMER
</UL>

<P><STRONG><a name="[25]"></a>main</STRONG> (Thumb, 76 bytes, Stack size 0 bytes, main.o(i.main))
<BR><BR>[Calls]<UL><LI><a href="#[69]">&gt;&gt;</a>&nbsp;&nbsp;&nbsp;Role_Ini
</UL>
<BR>[Called By]<UL><LI><a href="#[24]">&gt;&gt;</a>&nbsp;&nbsp;&nbsp;__rt_entry_main
</UL>
<P>
<H3>
Local Symbols
</H3><P>
<H3>
Undefined Global Symbols
</H3>
<P><STRONG><a name="[3e]"></a>_call_atexit_fns</STRONG> (ARM, 0 bytes, Stack size 0 bytes, UNDEFINED)
<BR><BR>[Called By]<UL><LI><a href="#[26]">&gt;&gt;</a>&nbsp;&nbsp;&nbsp;exit
</UL>
<HR></body></html>
