Component: ARM Compiler 5.06 update 4 (build 422) Tool: armlink [4d35d2]

==============================================================================

Section Cross References

    main.o(i.main) refers to role.o(i.Role_Ini) for Role_Ini
    main.o(i.main) refers to main.o(.data) for show_mode
    startup_cmsdk_cm0.o(STACK) refers (Special) to heapauxi.o(.text) for __use_two_region_memory
    startup_cmsdk_cm0.o(HEAP) refers (Special) to heapauxi.o(.text) for __use_two_region_memory
    startup_cmsdk_cm0.o(RESET) refers (Special) to heapauxi.o(.text) for __use_two_region_memory
    startup_cmsdk_cm0.o(RESET) refers to startup_cmsdk_cm0.o(STACK) for __initial_sp
    startup_cmsdk_cm0.o(RESET) refers to startup_cmsdk_cm0.o(.text) for Reset_Handler
    startup_cmsdk_cm0.o(.text) refers (Special) to heapauxi.o(.text) for __use_two_region_memory
    startup_cmsdk_cm0.o(.text) refers to keyboard.o(i.LCD_FINISH) for LCD_FINISH
    startup_cmsdk_cm0.o(.text) refers to keyboard.o(i.TIMER) for TIMER
    startup_cmsdk_cm0.o(.text) refers to keyboard.o(i.KEY0) for KEY0
    startup_cmsdk_cm0.o(.text) refers to keyboard.o(i.KEY1) for KEY1
    startup_cmsdk_cm0.o(.text) refers to keyboard.o(i.KEY2) for KEY2
    startup_cmsdk_cm0.o(.text) refers to keyboard.o(i.KEY3) for KEY3
    startup_cmsdk_cm0.o(.text) refers to keyboard.o(i.KEY4) for KEY4
    startup_cmsdk_cm0.o(.text) refers to keyboard.o(i.KEY5) for KEY5
    startup_cmsdk_cm0.o(.text) refers to keyboard.o(i.KEY6) for KEY6
    startup_cmsdk_cm0.o(.text) refers to keyboard.o(i.KEY7) for KEY7
    startup_cmsdk_cm0.o(.text) refers to keyboard.o(i.KEY8) for KEY8
    startup_cmsdk_cm0.o(.text) refers to keyboard.o(i.KEY9) for KEY9
    startup_cmsdk_cm0.o(.text) refers to keyboard.o(i.KEY10) for KEY10
    startup_cmsdk_cm0.o(.text) refers to keyboard.o(i.KEY11) for KEY11
    startup_cmsdk_cm0.o(.text) refers to keyboard.o(i.KEY12) for KEY12
    startup_cmsdk_cm0.o(.text) refers to keyboard.o(i.KEY13) for KEY13
    startup_cmsdk_cm0.o(.text) refers to keyboard.o(i.KEY14) for KEY14
    startup_cmsdk_cm0.o(.text) refers to keyboard.o(i.KEY15) for KEY15
    startup_cmsdk_cm0.o(.text) refers to __main.o(!!!main) for __main
    startup_cmsdk_cm0.o(.text) refers to startup_cmsdk_cm0.o(HEAP) for Heap_Mem
    startup_cmsdk_cm0.o(.text) refers to startup_cmsdk_cm0.o(STACK) for Stack_Mem
    code_def.o(i.DrawLCD) refers to code_def.o(.data) for LCD_finish
    keyboard.o(i.KEY0) refers to role.o(i.RoleMovingLeft) for RoleMovingLeft
    keyboard.o(i.KEY1) refers to role.o(i.RoleSquat) for RoleSquat
    keyboard.o(i.KEY10) refers to role.o(i.RoleJumping) for RoleJumping
    keyboard.o(i.KEY12) refers to role.o(i.Attacking) for Attacking
    keyboard.o(i.KEY12) refers to main.o(.data) for ready_time2
    keyboard.o(i.KEY13) refers to role.o(i.RoleMovingRight) for RoleMovingRight
    keyboard.o(i.KEY14) refers to role.o(i.RoleSquat) for RoleSquat
    keyboard.o(i.KEY15) refers to role.o(i.RoleMovingLeft) for RoleMovingLeft
    keyboard.o(i.KEY2) refers to role.o(i.RoleMovingRight) for RoleMovingRight
    keyboard.o(i.KEY3) refers to role.o(i.Attacking) for Attacking
    keyboard.o(i.KEY3) refers to main.o(.data) for ready_time
    keyboard.o(i.KEY5) refers to role.o(i.RoleJumping) for RoleJumping
    keyboard.o(i.KEY6) refers to main.o(.data) for ready_time_en
    keyboard.o(i.KEY7) refers to main.o(.data) for ready_time
    keyboard.o(i.KEY8) refers to main.o(.data) for ready_time2
    keyboard.o(i.KEY9) refers to main.o(.data) for ready_time2_en
    keyboard.o(i.LCD_FINISH) refers to code_def.o(.data) for LCD_finish
    keyboard.o(i.TIMER) refers to role.o(i.MapDraw) for MapDraw
    keyboard.o(i.TIMER) refers to aeabi_sdiv.o(.text) for __aeabi_uidivmod
    keyboard.o(i.TIMER) refers to keyboard.o(i.__ARM_common_switch8) for __ARM_common_switch8
    keyboard.o(i.TIMER) refers to role.o(i.Standing1) for Standing1
    keyboard.o(i.TIMER) refers to role.o(i.LeftAttacking1) for LeftAttacking1
    keyboard.o(i.TIMER) refers to role.o(i.RightAttacking1) for RightAttacking1
    keyboard.o(i.TIMER) refers to role.o(i.LeftMoving1) for LeftMoving1
    keyboard.o(i.TIMER) refers to role.o(i.RightMoving1) for RightMoving1
    keyboard.o(i.TIMER) refers to role.o(i.Jumping1) for Jumping1
    keyboard.o(i.TIMER) refers to role.o(i.Hurting1) for Hurting1
    keyboard.o(i.TIMER) refers to role.o(i.Shooting1) for Shooting1
    keyboard.o(i.TIMER) refers to role.o(i.Floating1) for Floating1
    keyboard.o(i.TIMER) refers to role.o(i.Down1) for Down1
    keyboard.o(i.TIMER) refers to role.o(i.Squating1) for Squating1
    keyboard.o(i.TIMER) refers to role.o(i.Fire) for Fire
    keyboard.o(i.TIMER) refers to role.o(i.Ice) for Ice
    keyboard.o(i.TIMER) refers to role.o(i.FireGo) for FireGo
    keyboard.o(i.TIMER) refers to role.o(i.IceGo) for IceGo
    keyboard.o(i.TIMER) refers to role.o(i.Standing2) for Standing2
    keyboard.o(i.TIMER) refers to role.o(i.LeftAttacking2) for LeftAttacking2
    keyboard.o(i.TIMER) refers to role.o(i.RightAttacking2) for RightAttacking2
    keyboard.o(i.TIMER) refers to role.o(i.LeftMoving2) for LeftMoving2
    keyboard.o(i.TIMER) refers to role.o(i.RightMoving2) for RightMoving2
    keyboard.o(i.TIMER) refers to role.o(i.Jumping2) for Jumping2
    keyboard.o(i.TIMER) refers to role.o(i.Hurting2) for Hurting2
    keyboard.o(i.TIMER) refers to role.o(i.Shooting2) for Shooting2
    keyboard.o(i.TIMER) refers to role.o(i.Floating2) for Floating2
    keyboard.o(i.TIMER) refers to role.o(i.Down2) for Down2
    keyboard.o(i.TIMER) refers to role.o(i.Squating2) for Squating2
    keyboard.o(i.TIMER) refers to role.o(i.Damage_define) for Damage_define
    keyboard.o(i.TIMER) refers to role.o(i.RoleHPshowing) for RoleHPshowing
    keyboard.o(i.TIMER) refers to code_def.o(i.DrawLCD) for DrawLCD
    keyboard.o(i.TIMER) refers to code_def.o(i.MusicPlay) for MusicPlay
    keyboard.o(i.TIMER) refers to main.o(.data) for game_time
    role.o(i.Down1) refers to keyboard.o(i.__ARM_common_switch8) for __ARM_common_switch8
    role.o(i.Down1) refers to code_def.o(i.DrawLCD) for DrawLCD
    role.o(i.Down1) refers to role.o(.data) for down_height
    role.o(i.Down2) refers to keyboard.o(i.__ARM_common_switch8) for __ARM_common_switch8
    role.o(i.Down2) refers to code_def.o(i.DrawLCD) for DrawLCD
    role.o(i.Down2) refers to role.o(.data) for down_height
    role.o(i.Fire) refers to keyboard.o(i.__ARM_common_switch8) for __ARM_common_switch8
    role.o(i.Fire) refers to code_def.o(i.DrawLCD) for DrawLCD
    role.o(i.FireGo) refers to keyboard.o(i.__ARM_common_switch8) for __ARM_common_switch8
    role.o(i.FireGo) refers to code_def.o(i.DrawLCD) for DrawLCD
    role.o(i.Floating1) refers to keyboard.o(i.__ARM_common_switch8) for __ARM_common_switch8
    role.o(i.Floating1) refers to code_def.o(i.DrawLCD) for DrawLCD
    role.o(i.Floating2) refers to keyboard.o(i.__ARM_common_switch8) for __ARM_common_switch8
    role.o(i.Floating2) refers to code_def.o(i.DrawLCD) for DrawLCD
    role.o(i.Hurting1) refers to code_def.o(i.DrawLCD) for DrawLCD
    role.o(i.Hurting2) refers to code_def.o(i.DrawLCD) for DrawLCD
    role.o(i.Ice) refers to keyboard.o(i.__ARM_common_switch8) for __ARM_common_switch8
    role.o(i.Ice) refers to code_def.o(i.DrawLCD) for DrawLCD
    role.o(i.IceGo) refers to keyboard.o(i.__ARM_common_switch8) for __ARM_common_switch8
    role.o(i.IceGo) refers to code_def.o(i.DrawLCD) for DrawLCD
    role.o(i.Jumping1) refers to keyboard.o(i.__ARM_common_switch8) for __ARM_common_switch8
    role.o(i.Jumping1) refers to code_def.o(i.DrawLCD) for DrawLCD
    role.o(i.Jumping2) refers to keyboard.o(i.__ARM_common_switch8) for __ARM_common_switch8
    role.o(i.Jumping2) refers to code_def.o(i.DrawLCD) for DrawLCD
    role.o(i.LeftAttacking1) refers to code_def.o(i.DrawLCD) for DrawLCD
    role.o(i.LeftAttacking2) refers to code_def.o(i.DrawLCD) for DrawLCD
    role.o(i.LeftMoving1) refers to keyboard.o(i.__ARM_common_switch8) for __ARM_common_switch8
    role.o(i.LeftMoving1) refers to code_def.o(i.DrawLCD) for DrawLCD
    role.o(i.LeftMoving2) refers to keyboard.o(i.__ARM_common_switch8) for __ARM_common_switch8
    role.o(i.LeftMoving2) refers to code_def.o(i.DrawLCD) for DrawLCD
    role.o(i.MapDraw) refers to code_def.o(i.DrawLCD) for DrawLCD
    role.o(i.RightAttacking1) refers to code_def.o(i.DrawLCD) for DrawLCD
    role.o(i.RightAttacking2) refers to code_def.o(i.DrawLCD) for DrawLCD
    role.o(i.RightMoving1) refers to keyboard.o(i.__ARM_common_switch8) for __ARM_common_switch8
    role.o(i.RightMoving1) refers to code_def.o(i.DrawLCD) for DrawLCD
    role.o(i.RightMoving2) refers to keyboard.o(i.__ARM_common_switch8) for __ARM_common_switch8
    role.o(i.RightMoving2) refers to code_def.o(i.DrawLCD) for DrawLCD
    role.o(i.RoleHPshowing) refers to code_def.o(i.DrawLCD) for DrawLCD
    role.o(i.Role_Ini) refers to code_def.o(.data) for LCD_finish
    role.o(i.Shooting1) refers to keyboard.o(i.__ARM_common_switch8) for __ARM_common_switch8
    role.o(i.Shooting1) refers to code_def.o(i.DrawLCD) for DrawLCD
    role.o(i.Shooting2) refers to keyboard.o(i.__ARM_common_switch8) for __ARM_common_switch8
    role.o(i.Shooting2) refers to code_def.o(i.DrawLCD) for DrawLCD
    role.o(i.Squating1) refers to role.o(i.Cure_define1) for Cure_define1
    role.o(i.Squating1) refers to keyboard.o(i.__ARM_common_switch8) for __ARM_common_switch8
    role.o(i.Squating1) refers to code_def.o(i.DrawLCD) for DrawLCD
    role.o(i.Squating2) refers to role.o(i.Cure_define2) for Cure_define2
    role.o(i.Squating2) refers to keyboard.o(i.__ARM_common_switch8) for __ARM_common_switch8
    role.o(i.Squating2) refers to code_def.o(i.DrawLCD) for DrawLCD
    role.o(i.Standing1) refers to code_def.o(i.DrawLCD) for DrawLCD
    role.o(i.Standing2) refers to code_def.o(i.DrawLCD) for DrawLCD
    __main.o(!!!main) refers to __rtentry.o(.ARM.Collect$$rtentry$$00000000) for __rt_entry
    __rtentry.o(.ARM.Collect$$rtentry$$00000000) refers (Special) to __rtentry2.o(.ARM.Collect$$rtentry$$0000000A) for __rt_entry_li
    __rtentry.o(.ARM.Collect$$rtentry$$00000000) refers (Special) to __rtentry2.o(.ARM.Collect$$rtentry$$0000000D) for __rt_entry_main
    __rtentry.o(.ARM.Collect$$rtentry$$00000000) refers (Special) to __rtentry2.o(.ARM.Collect$$rtentry$$0000000C) for __rt_entry_postli_1
    __rtentry.o(.ARM.Collect$$rtentry$$00000000) refers (Special) to __rtentry2.o(.ARM.Collect$$rtentry$$00000009) for __rt_entry_postsh_1
    __rtentry.o(.ARM.Collect$$rtentry$$00000000) refers (Special) to __rtentry2.o(.ARM.Collect$$rtentry$$00000002) for __rt_entry_presh_1
    __rtentry.o(.ARM.Collect$$rtentry$$00000000) refers (Special) to __rtentry4.o(.ARM.Collect$$rtentry$$00000004) for __rt_entry_sh
    aeabi_idiv0_sigfpe.o(.text) refers to rt_div0.o(.text) for __rt_div0
    __rtentry2.o(.ARM.Collect$$rtentry$$00000008) refers to boardinit2.o(.text) for _platform_post_stackheap_init
    __rtentry2.o(.ARM.Collect$$rtentry$$0000000A) refers to libinit.o(.ARM.Collect$$libinit$$00000000) for __rt_lib_init
    __rtentry2.o(.ARM.Collect$$rtentry$$0000000B) refers to boardinit3.o(.text) for _platform_post_lib_init
    __rtentry2.o(.ARM.Collect$$rtentry$$0000000D) refers to main.o(i.main) for main
    __rtentry2.o(.ARM.Collect$$rtentry$$0000000D) refers to exit.o(.text) for exit
    __rtentry2.o(.ARM.exidx) refers to __rtentry2.o(.ARM.Collect$$rtentry$$00000001) for .ARM.Collect$$rtentry$$00000001
    __rtentry2.o(.ARM.exidx) refers to __rtentry2.o(.ARM.Collect$$rtentry$$00000008) for .ARM.Collect$$rtentry$$00000008
    __rtentry2.o(.ARM.exidx) refers to __rtentry2.o(.ARM.Collect$$rtentry$$0000000A) for .ARM.Collect$$rtentry$$0000000A
    __rtentry2.o(.ARM.exidx) refers to __rtentry2.o(.ARM.Collect$$rtentry$$0000000B) for .ARM.Collect$$rtentry$$0000000B
    __rtentry2.o(.ARM.exidx) refers to __rtentry2.o(.ARM.Collect$$rtentry$$0000000D) for .ARM.Collect$$rtentry$$0000000D
    __rtentry4.o(.ARM.Collect$$rtentry$$00000004) refers to sys_stackheap_outer.o(.text) for __user_setup_stackheap
    __rtentry4.o(.ARM.exidx) refers to __rtentry4.o(.ARM.Collect$$rtentry$$00000004) for .ARM.Collect$$rtentry$$00000004
    rt_div0.o(.text) refers to defsig_fpe_outer.o(.text) for __rt_SIGFPE
    sys_stackheap_outer.o(.text) refers to libspace.o(.text) for __user_perproc_libspace
    sys_stackheap_outer.o(.text) refers to startup_cmsdk_cm0.o(.text) for __user_initial_stackheap
    sys_stackheap_outer.o(__vectab_stack_and_reset_area) refers to tempstk.o(.text) for __temporary_stack_top
    sys_stackheap_outer.o(__vectab_stack_and_reset_area) refers to __main.o(!!!main) for __main
    exit.o(.text) refers to rtexit.o(.ARM.Collect$$rtexit$$00000000) for __rt_exit
    defsig_fpe_outer.o(.text) refers to defsig_fpe_inner.o(.text) for __rt_SIGFPE_inner
    defsig_fpe_outer.o(.text) refers to defsig_exit.o(.text) for __sig_exit
    defsig_fpe_formal.o(.text) refers to rt_raise.o(.text) for __rt_raise
    libinit.o(.ARM.Collect$$libinit$$00000000) refers (Special) to libinit2.o(.ARM.Collect$$libinit$$0000002E) for __rt_lib_init_alloca_1
    libinit.o(.ARM.Collect$$libinit$$00000000) refers (Special) to libinit2.o(.ARM.Collect$$libinit$$0000002C) for __rt_lib_init_argv_1
    libinit.o(.ARM.Collect$$libinit$$00000000) refers (Special) to libinit2.o(.ARM.Collect$$libinit$$0000001B) for __rt_lib_init_atexit_1
    libinit.o(.ARM.Collect$$libinit$$00000000) refers (Special) to libinit2.o(.ARM.Collect$$libinit$$00000021) for __rt_lib_init_clock_1
    libinit.o(.ARM.Collect$$libinit$$00000000) refers (Special) to libinit2.o(.ARM.Collect$$libinit$$00000032) for __rt_lib_init_cpp_1
    libinit.o(.ARM.Collect$$libinit$$00000000) refers (Special) to libinit2.o(.ARM.Collect$$libinit$$00000030) for __rt_lib_init_exceptions_1
    libinit.o(.ARM.Collect$$libinit$$00000000) refers (Special) to libinit2.o(.ARM.Collect$$libinit$$00000002) for __rt_lib_init_fp_1
    libinit.o(.ARM.Collect$$libinit$$00000000) refers (Special) to libinit2.o(.ARM.Collect$$libinit$$0000001F) for __rt_lib_init_fp_trap_1
    libinit.o(.ARM.Collect$$libinit$$00000000) refers (Special) to libinit2.o(.ARM.Collect$$libinit$$00000023) for __rt_lib_init_getenv_1
    libinit.o(.ARM.Collect$$libinit$$00000000) refers (Special) to libinit2.o(.ARM.Collect$$libinit$$0000000A) for __rt_lib_init_heap_1
    libinit.o(.ARM.Collect$$libinit$$00000000) refers (Special) to libinit2.o(.ARM.Collect$$libinit$$00000011) for __rt_lib_init_lc_collate_1
    libinit.o(.ARM.Collect$$libinit$$00000000) refers (Special) to libinit2.o(.ARM.Collect$$libinit$$00000013) for __rt_lib_init_lc_ctype_1
    libinit.o(.ARM.Collect$$libinit$$00000000) refers (Special) to libinit2.o(.ARM.Collect$$libinit$$00000015) for __rt_lib_init_lc_monetary_1
    libinit.o(.ARM.Collect$$libinit$$00000000) refers (Special) to libinit2.o(.ARM.Collect$$libinit$$00000017) for __rt_lib_init_lc_numeric_1
    libinit.o(.ARM.Collect$$libinit$$00000000) refers (Special) to libinit2.o(.ARM.Collect$$libinit$$00000019) for __rt_lib_init_lc_time_1
    libinit.o(.ARM.Collect$$libinit$$00000000) refers (Special) to libinit2.o(.ARM.Collect$$libinit$$00000004) for __rt_lib_init_preinit_1
    libinit.o(.ARM.Collect$$libinit$$00000000) refers (Special) to libinit2.o(.ARM.Collect$$libinit$$0000000E) for __rt_lib_init_rand_1
    libinit.o(.ARM.Collect$$libinit$$00000000) refers (Special) to libinit2.o(.ARM.Collect$$libinit$$00000033) for __rt_lib_init_return
    libinit.o(.ARM.Collect$$libinit$$00000000) refers (Special) to libinit2.o(.ARM.Collect$$libinit$$0000001D) for __rt_lib_init_signal_1
    libinit.o(.ARM.Collect$$libinit$$00000000) refers (Special) to libinit2.o(.ARM.Collect$$libinit$$00000025) for __rt_lib_init_stdio_1
    libinit.o(.ARM.Collect$$libinit$$00000000) refers (Special) to libinit2.o(.ARM.Collect$$libinit$$0000000C) for __rt_lib_init_user_alloc_1
    libspace.o(.text) refers to libspace.o(.bss) for __libspace_start
    rtexit.o(.ARM.Collect$$rtexit$$00000000) refers (Special) to rtexit2.o(.ARM.Collect$$rtexit$$00000004) for __rt_exit_exit
    rtexit.o(.ARM.Collect$$rtexit$$00000000) refers (Special) to rtexit2.o(.ARM.Collect$$rtexit$$00000003) for __rt_exit_ls
    rtexit.o(.ARM.Collect$$rtexit$$00000000) refers (Special) to rtexit2.o(.ARM.Collect$$rtexit$$00000002) for __rt_exit_prels_1
    rtexit.o(.ARM.exidx) refers (Special) to rtexit2.o(.ARM.Collect$$rtexit$$00000004) for __rt_exit_exit
    rtexit.o(.ARM.exidx) refers (Special) to rtexit2.o(.ARM.Collect$$rtexit$$00000003) for __rt_exit_ls
    rtexit.o(.ARM.exidx) refers (Special) to rtexit2.o(.ARM.Collect$$rtexit$$00000002) for __rt_exit_prels_1
    rtexit.o(.ARM.exidx) refers to rtexit.o(.ARM.Collect$$rtexit$$00000000) for .ARM.Collect$$rtexit$$00000000
    rt_raise.o(.text) refers to __raise.o(.text) for __raise
    rt_raise.o(.text) refers to sys_exit.o(.text) for _sys_exit
    defsig_exit.o(.text) refers to sys_exit.o(.text) for _sys_exit
    defsig_fpe_inner.o(.text) refers to defsig_general.o(.text) for __default_signal_display
    libinit2.o(.ARM.Collect$$libinit$$00000010) refers to libinit2.o(.ARM.Collect$$libinit$$0000000F) for .ARM.Collect$$libinit$$0000000F
    libinit2.o(.ARM.Collect$$libinit$$00000012) refers to libinit2.o(.ARM.Collect$$libinit$$0000000F) for .ARM.Collect$$libinit$$0000000F
    libinit2.o(.ARM.Collect$$libinit$$00000014) refers to libinit2.o(.ARM.Collect$$libinit$$0000000F) for .ARM.Collect$$libinit$$0000000F
    libinit2.o(.ARM.Collect$$libinit$$00000016) refers to libinit2.o(.ARM.Collect$$libinit$$0000000F) for .ARM.Collect$$libinit$$0000000F
    libinit2.o(.ARM.Collect$$libinit$$00000018) refers to libinit2.o(.ARM.Collect$$libinit$$0000000F) for .ARM.Collect$$libinit$$0000000F
    libinit2.o(.ARM.Collect$$libinit$$00000026) refers to argv_veneer.o(.text) for __ARM_argv_veneer
    libinit2.o(.ARM.Collect$$libinit$$00000027) refers to argv_veneer.o(.text) for __ARM_argv_veneer
    sys_exit.o(.text) refers (Special) to use_no_semi.o(.text) for __I$use$semihosting
    sys_exit.o(.text) refers (Special) to indicate_semi.o(.text) for __semihosting_library_function
    rtexit2.o(.ARM.Collect$$rtexit$$00000003) refers to libshutdown.o(.ARM.Collect$$libshutdown$$00000000) for __rt_lib_shutdown
    rtexit2.o(.ARM.Collect$$rtexit$$00000004) refers to sys_exit.o(.text) for _sys_exit
    rtexit2.o(.ARM.exidx) refers to rtexit2.o(.ARM.Collect$$rtexit$$00000001) for .ARM.Collect$$rtexit$$00000001
    rtexit2.o(.ARM.exidx) refers to rtexit2.o(.ARM.Collect$$rtexit$$00000003) for .ARM.Collect$$rtexit$$00000003
    rtexit2.o(.ARM.exidx) refers to rtexit2.o(.ARM.Collect$$rtexit$$00000004) for .ARM.Collect$$rtexit$$00000004
    __raise.o(.text) refers to defsig.o(CL$$defsig) for __default_signal_handler
    defsig_general.o(.text) refers to sys_wrch.o(.text) for _ttywrch
    sys_wrch.o(.text) refers (Special) to use_no_semi.o(.text) for __I$use$semihosting
    sys_wrch.o(.text) refers (Special) to indicate_semi.o(.text) for __semihosting_library_function
    defsig.o(CL$$defsig) refers to defsig_fpe_inner.o(.text) for __rt_SIGFPE_inner
    defsig.o(CL$$defsig) refers to defsig_rtmem_inner.o(.text) for __rt_SIGRTMEM_inner
    _get_argv_nomalloc.o(.text) refers (Special) to hrguard.o(.text) for __heap_region$guard
    _get_argv_nomalloc.o(.text) refers to defsig_rtmem_outer.o(.text) for __rt_SIGRTMEM
    _get_argv_nomalloc.o(.text) refers to sys_command.o(.text) for _sys_command_string
    libshutdown.o(.ARM.Collect$$libshutdown$$00000000) refers (Special) to libshutdown2.o(.ARM.Collect$$libshutdown$$00000002) for __rt_lib_shutdown_cpp_1
    libshutdown.o(.ARM.Collect$$libshutdown$$00000000) refers (Special) to libshutdown2.o(.ARM.Collect$$libshutdown$$00000007) for __rt_lib_shutdown_fp_trap_1
    libshutdown.o(.ARM.Collect$$libshutdown$$00000000) refers (Special) to libshutdown2.o(.ARM.Collect$$libshutdown$$0000000F) for __rt_lib_shutdown_heap_1
    libshutdown.o(.ARM.Collect$$libshutdown$$00000000) refers (Special) to libshutdown2.o(.ARM.Collect$$libshutdown$$00000010) for __rt_lib_shutdown_return
    libshutdown.o(.ARM.Collect$$libshutdown$$00000000) refers (Special) to libshutdown2.o(.ARM.Collect$$libshutdown$$0000000A) for __rt_lib_shutdown_signal_1
    libshutdown.o(.ARM.Collect$$libshutdown$$00000000) refers (Special) to libshutdown2.o(.ARM.Collect$$libshutdown$$00000004) for __rt_lib_shutdown_stdio_1
    libshutdown.o(.ARM.Collect$$libshutdown$$00000000) refers (Special) to libshutdown2.o(.ARM.Collect$$libshutdown$$0000000C) for __rt_lib_shutdown_user_alloc_1
    sys_command.o(.text) refers (Special) to use_no_semi.o(.text) for __I$use$semihosting
    sys_command.o(.text) refers (Special) to indicate_semi.o(.text) for __semihosting_library_function
    defsig_abrt_inner.o(.text) refers to defsig_general.o(.text) for __default_signal_display
    defsig_rtred_inner.o(.text) refers to defsig_general.o(.text) for __default_signal_display
    defsig_rtmem_inner.o(.text) refers to defsig_general.o(.text) for __default_signal_display
    defsig_rtmem_outer.o(.text) refers to defsig_rtmem_inner.o(.text) for __rt_SIGRTMEM_inner
    defsig_rtmem_outer.o(.text) refers to defsig_exit.o(.text) for __sig_exit
    defsig_rtmem_formal.o(.text) refers to rt_raise.o(.text) for __rt_raise
    defsig_stak_inner.o(.text) refers to defsig_general.o(.text) for __default_signal_display
    defsig_pvfn_inner.o(.text) refers to defsig_general.o(.text) for __default_signal_display
    defsig_cppl_inner.o(.text) refers to defsig_general.o(.text) for __default_signal_display
    defsig_segv_inner.o(.text) refers to defsig_general.o(.text) for __default_signal_display
    defsig_other.o(.text) refers to defsig_general.o(.text) for __default_signal_display


==============================================================================

Removing Unused input sections from the image.

    Removing code_def.o(i.SetDled), (74 bytes).
    Removing code_def.o(i.delay_us), (40 bytes).

2 unused section(s) (total 114 bytes) removed from the image.

==============================================================================

Image Symbol Table

    Local Symbols

    Symbol Name                              Value     Ov Type        Size  Object(Section)

    RESET                                    0x00000000   Section      136  startup_cmsdk_cm0.o(RESET)
    ../clib/angel/boardlib.s                 0x00000000   Number         0  boardinit1.o ABSOLUTE
    ../clib/angel/boardlib.s                 0x00000000   Number         0  boardinit2.o ABSOLUTE
    ../clib/angel/boardlib.s                 0x00000000   Number         0  boardinit3.o ABSOLUTE
    ../clib/angel/boardlib.s                 0x00000000   Number         0  boardshut.o ABSOLUTE
    ../clib/angel/handlers.s                 0x00000000   Number         0  __scatter_copy.o ABSOLUTE
    ../clib/angel/handlers.s                 0x00000000   Number         0  __scatter_zi.o ABSOLUTE
    ../clib/angel/kernel.s                   0x00000000   Number         0  __rtentry.o ABSOLUTE
    ../clib/angel/kernel.s                   0x00000000   Number         0  __rtentry2.o ABSOLUTE
    ../clib/angel/kernel.s                   0x00000000   Number         0  rtexit2.o ABSOLUTE
    ../clib/angel/kernel.s                   0x00000000   Number         0  rtexit.o ABSOLUTE
    ../clib/angel/kernel.s                   0x00000000   Number         0  __rtentry4.o ABSOLUTE
    ../clib/angel/rt.s                       0x00000000   Number         0  rt_raise.o ABSOLUTE
    ../clib/angel/rt.s                       0x00000000   Number         0  rt_div0.o ABSOLUTE
    ../clib/angel/rt.s                       0x00000000   Number         0  aeabi_idiv0_sigfpe.o ABSOLUTE
    ../clib/angel/rt.s                       0x00000000   Number         0  aeabi_idiv0.o ABSOLUTE
    ../clib/angel/scatterp.s                 0x00000000   Number         0  __scatter.o ABSOLUTE
    ../clib/angel/startup.s                  0x00000000   Number         0  __main.o ABSOLUTE
    ../clib/angel/sys.s                      0x00000000   Number         0  tempstk.o ABSOLUTE
    ../clib/angel/sys.s                      0x00000000   Number         0  libspace.o ABSOLUTE
    ../clib/angel/sys.s                      0x00000000   Number         0  indicate_semi.o ABSOLUTE
    ../clib/angel/sys.s                      0x00000000   Number         0  use_no_semi.o ABSOLUTE
    ../clib/angel/sys.s                      0x00000000   Number         0  sys_stackheap_outer.o ABSOLUTE
    ../clib/angel/sysapp.c                   0x00000000   Number         0  sys_exit.o ABSOLUTE
    ../clib/angel/sysapp.c                   0x00000000   Number         0  sys_command.o ABSOLUTE
    ../clib/angel/sysapp.c                   0x00000000   Number         0  sys_wrch.o ABSOLUTE
    ../clib/armsys.c                         0x00000000   Number         0  no_argv.o ABSOLUTE
    ../clib/armsys.c                         0x00000000   Number         0  _get_argv_nomalloc.o ABSOLUTE
    ../clib/armsys.c                         0x00000000   Number         0  argv_veneer.o ABSOLUTE
    ../clib/division.s                       0x00000000   Number         0  aeabi_sdiv.o ABSOLUTE
    ../clib/division.s                       0x00000000   Number         0  aeabi_sdiv_div0.o ABSOLUTE
    ../clib/heapalloc.c                      0x00000000   Number         0  hrguard.o ABSOLUTE
    ../clib/heapaux.c                        0x00000000   Number         0  heapauxi.o ABSOLUTE
    ../clib/libinit.s                        0x00000000   Number         0  libinit2.o ABSOLUTE
    ../clib/libinit.s                        0x00000000   Number         0  libshutdown2.o ABSOLUTE
    ../clib/libinit.s                        0x00000000   Number         0  libshutdown.o ABSOLUTE
    ../clib/libinit.s                        0x00000000   Number         0  libinit.o ABSOLUTE
    ../clib/signal.c                         0x00000000   Number         0  defsig_rtmem_outer.o ABSOLUTE
    ../clib/signal.c                         0x00000000   Number         0  defsig_rtmem_formal.o ABSOLUTE
    ../clib/signal.c                         0x00000000   Number         0  defsig_stak_inner.o ABSOLUTE
    ../clib/signal.c                         0x00000000   Number         0  defsig_pvfn_inner.o ABSOLUTE
    ../clib/signal.c                         0x00000000   Number         0  defsig_cppl_inner.o ABSOLUTE
    ../clib/signal.c                         0x00000000   Number         0  defsig_segv_inner.o ABSOLUTE
    ../clib/signal.c                         0x00000000   Number         0  defsig_other.o ABSOLUTE
    ../clib/signal.c                         0x00000000   Number         0  defsig_abrt_inner.o ABSOLUTE
    ../clib/signal.c                         0x00000000   Number         0  defsig_fpe_outer.o ABSOLUTE
    ../clib/signal.c                         0x00000000   Number         0  defsig_fpe_formal.o ABSOLUTE
    ../clib/signal.c                         0x00000000   Number         0  defsig_exit.o ABSOLUTE
    ../clib/signal.c                         0x00000000   Number         0  defsig_fpe_inner.o ABSOLUTE
    ../clib/signal.c                         0x00000000   Number         0  __raise.o ABSOLUTE
    ../clib/signal.c                         0x00000000   Number         0  defsig_general.o ABSOLUTE
    ../clib/signal.c                         0x00000000   Number         0  defsig_rtred_inner.o ABSOLUTE
    ../clib/signal.c                         0x00000000   Number         0  defsig_rtmem_inner.o ABSOLUTE
    ../clib/signal.s                         0x00000000   Number         0  defsig.o ABSOLUTE
    ../clib/stdlib.c                         0x00000000   Number         0  exit.o ABSOLUTE
    ../fplib/cfplib/fpinit.c                 0x00000000   Number         0  fpinit.o ABSOLUTE
    code_def.c                               0x00000000   Number         0  code_def.o ABSOLUTE
    dc.s                                     0x00000000   Number         0  dc.o ABSOLUTE
    keyboard.c                               0x00000000   Number         0  keyboard.o ABSOLUTE
    main.c                                   0x00000000   Number         0  main.o ABSOLUTE
    role.c                                   0x00000000   Number         0  role.o ABSOLUTE
    startup_CMSDK_CM0.s                      0x00000000   Number         0  startup_cmsdk_cm0.o ABSOLUTE
    !!!main                                  0x00000088   Section        8  __main.o(!!!main)
    !!!scatter                               0x00000090   Section       60  __scatter.o(!!!scatter)
    !!handler_copy                           0x000000cc   Section       26  __scatter_copy.o(!!handler_copy)
    !!handler_zi                             0x000000e8   Section       28  __scatter_zi.o(!!handler_zi)
    .ARM.Collect$$libinit$$00000000          0x00000104   Section        2  libinit.o(.ARM.Collect$$libinit$$00000000)
    .ARM.Collect$$libinit$$00000002          0x00000106   Section        0  libinit2.o(.ARM.Collect$$libinit$$00000002)
    .ARM.Collect$$libinit$$00000004          0x00000106   Section        0  libinit2.o(.ARM.Collect$$libinit$$00000004)
    .ARM.Collect$$libinit$$0000000A          0x00000106   Section        0  libinit2.o(.ARM.Collect$$libinit$$0000000A)
    .ARM.Collect$$libinit$$0000000C          0x00000106   Section        0  libinit2.o(.ARM.Collect$$libinit$$0000000C)
    .ARM.Collect$$libinit$$0000000E          0x00000106   Section        0  libinit2.o(.ARM.Collect$$libinit$$0000000E)
    .ARM.Collect$$libinit$$00000011          0x00000106   Section        0  libinit2.o(.ARM.Collect$$libinit$$00000011)
    .ARM.Collect$$libinit$$00000013          0x00000106   Section        0  libinit2.o(.ARM.Collect$$libinit$$00000013)
    .ARM.Collect$$libinit$$00000015          0x00000106   Section        0  libinit2.o(.ARM.Collect$$libinit$$00000015)
    .ARM.Collect$$libinit$$00000017          0x00000106   Section        0  libinit2.o(.ARM.Collect$$libinit$$00000017)
    .ARM.Collect$$libinit$$00000019          0x00000106   Section        0  libinit2.o(.ARM.Collect$$libinit$$00000019)
    .ARM.Collect$$libinit$$0000001B          0x00000106   Section        0  libinit2.o(.ARM.Collect$$libinit$$0000001B)
    .ARM.Collect$$libinit$$0000001D          0x00000106   Section        0  libinit2.o(.ARM.Collect$$libinit$$0000001D)
    .ARM.Collect$$libinit$$0000001F          0x00000106   Section        0  libinit2.o(.ARM.Collect$$libinit$$0000001F)
    .ARM.Collect$$libinit$$00000021          0x00000106   Section        0  libinit2.o(.ARM.Collect$$libinit$$00000021)
    .ARM.Collect$$libinit$$00000023          0x00000106   Section        0  libinit2.o(.ARM.Collect$$libinit$$00000023)
    .ARM.Collect$$libinit$$00000025          0x00000106   Section        0  libinit2.o(.ARM.Collect$$libinit$$00000025)
    .ARM.Collect$$libinit$$0000002C          0x00000106   Section        0  libinit2.o(.ARM.Collect$$libinit$$0000002C)
    .ARM.Collect$$libinit$$0000002E          0x00000106   Section        0  libinit2.o(.ARM.Collect$$libinit$$0000002E)
    .ARM.Collect$$libinit$$00000030          0x00000106   Section        0  libinit2.o(.ARM.Collect$$libinit$$00000030)
    .ARM.Collect$$libinit$$00000032          0x00000106   Section        0  libinit2.o(.ARM.Collect$$libinit$$00000032)
    .ARM.Collect$$libinit$$00000033          0x00000106   Section        2  libinit2.o(.ARM.Collect$$libinit$$00000033)
    .ARM.Collect$$libshutdown$$00000000      0x00000108   Section        2  libshutdown.o(.ARM.Collect$$libshutdown$$00000000)
    .ARM.Collect$$libshutdown$$00000002      0x0000010a   Section        0  libshutdown2.o(.ARM.Collect$$libshutdown$$00000002)
    .ARM.Collect$$libshutdown$$00000004      0x0000010a   Section        0  libshutdown2.o(.ARM.Collect$$libshutdown$$00000004)
    .ARM.Collect$$libshutdown$$00000007      0x0000010a   Section        0  libshutdown2.o(.ARM.Collect$$libshutdown$$00000007)
    .ARM.Collect$$libshutdown$$0000000A      0x0000010a   Section        0  libshutdown2.o(.ARM.Collect$$libshutdown$$0000000A)
    .ARM.Collect$$libshutdown$$0000000C      0x0000010a   Section        0  libshutdown2.o(.ARM.Collect$$libshutdown$$0000000C)
    .ARM.Collect$$libshutdown$$0000000F      0x0000010a   Section        0  libshutdown2.o(.ARM.Collect$$libshutdown$$0000000F)
    .ARM.Collect$$libshutdown$$00000010      0x0000010a   Section        2  libshutdown2.o(.ARM.Collect$$libshutdown$$00000010)
    .ARM.Collect$$rtentry$$00000000          0x0000010c   Section        0  __rtentry.o(.ARM.Collect$$rtentry$$00000000)
    .ARM.Collect$$rtentry$$00000002          0x0000010c   Section        0  __rtentry2.o(.ARM.Collect$$rtentry$$00000002)
    .ARM.Collect$$rtentry$$00000004          0x0000010c   Section        6  __rtentry4.o(.ARM.Collect$$rtentry$$00000004)
    .ARM.Collect$$rtentry$$00000009          0x00000112   Section        0  __rtentry2.o(.ARM.Collect$$rtentry$$00000009)
    .ARM.Collect$$rtentry$$0000000A          0x00000112   Section        4  __rtentry2.o(.ARM.Collect$$rtentry$$0000000A)
    .ARM.Collect$$rtentry$$0000000C          0x00000116   Section        0  __rtentry2.o(.ARM.Collect$$rtentry$$0000000C)
    .ARM.Collect$$rtentry$$0000000D          0x00000116   Section        8  __rtentry2.o(.ARM.Collect$$rtentry$$0000000D)
    .ARM.Collect$$rtexit$$00000000           0x0000011e   Section        2  rtexit.o(.ARM.Collect$$rtexit$$00000000)
    .ARM.Collect$$rtexit$$00000002           0x00000120   Section        0  rtexit2.o(.ARM.Collect$$rtexit$$00000002)
    .ARM.Collect$$rtexit$$00000003           0x00000120   Section        4  rtexit2.o(.ARM.Collect$$rtexit$$00000003)
    .ARM.Collect$$rtexit$$00000004           0x00000124   Section        6  rtexit2.o(.ARM.Collect$$rtexit$$00000004)
    .text                                    0x0000012c   Section      184  startup_cmsdk_cm0.o(.text)
    .text                                    0x000001e4   Section      346  aeabi_sdiv.o(.text)
    .text                                    0x0000033e   Section        0  heapauxi.o(.text)
    .text                                    0x00000344   Section       62  sys_stackheap_outer.o(.text)
    .text                                    0x00000382   Section        0  exit.o(.text)
    .text                                    0x00000394   Section        8  libspace.o(.text)
    .text                                    0x0000039c   Section        0  sys_exit.o(.text)
    .text                                    0x000003a8   Section        2  use_no_semi.o(.text)
    .text                                    0x000003aa   Section        0  indicate_semi.o(.text)
    i.Attacking                              0x000003ac   Section        0  role.o(i.Attacking)
    i.Cure_define1                           0x00000404   Section        0  role.o(i.Cure_define1)
    i.Cure_define2                           0x000005d4   Section        0  role.o(i.Cure_define2)
    i.Damage_define                          0x000007a4   Section        0  role.o(i.Damage_define)
    i.Down1                                  0x00000ad4   Section        0  role.o(i.Down1)
    i.Down2                                  0x00000c10   Section        0  role.o(i.Down2)
    i.DrawLCD                                0x00000d54   Section        0  code_def.o(i.DrawLCD)
    i.Fire                                   0x00000da0   Section        0  role.o(i.Fire)
    i.FireGo                                 0x000011e8   Section        0  role.o(i.FireGo)
    i.Floating1                              0x000015bc   Section        0  role.o(i.Floating1)
    i.Floating2                              0x000016c8   Section        0  role.o(i.Floating2)
    i.Hurting1                               0x000017e0   Section        0  role.o(i.Hurting1)
    i.Hurting2                               0x00001864   Section        0  role.o(i.Hurting2)
    i.Ice                                    0x000018e8   Section        0  role.o(i.Ice)
    i.IceGo                                  0x00001d64   Section        0  role.o(i.IceGo)
    i.Jumping1                               0x000021a4   Section        0  role.o(i.Jumping1)
    i.Jumping2                               0x00002290   Section        0  role.o(i.Jumping2)
    i.KEY0                                   0x00002384   Section        0  keyboard.o(i.KEY0)
    i.KEY1                                   0x000023b4   Section        0  keyboard.o(i.KEY1)
    i.KEY10                                  0x000023cc   Section        0  keyboard.o(i.KEY10)
    i.KEY11                                  0x000023f4   Section        0  keyboard.o(i.KEY11)
    i.KEY12                                  0x000023f8   Section        0  keyboard.o(i.KEY12)
    i.KEY13                                  0x00002494   Section        0  keyboard.o(i.KEY13)
    i.KEY14                                  0x000024c8   Section        0  keyboard.o(i.KEY14)
    i.KEY15                                  0x000024e0   Section        0  keyboard.o(i.KEY15)
    i.KEY2                                   0x00002514   Section        0  keyboard.o(i.KEY2)
    i.KEY3                                   0x00002544   Section        0  keyboard.o(i.KEY3)
    i.KEY4                                   0x000025dc   Section        0  keyboard.o(i.KEY4)
    i.KEY5                                   0x000025e0   Section        0  keyboard.o(i.KEY5)
    i.KEY6                                   0x00002608   Section        0  keyboard.o(i.KEY6)
    i.KEY7                                   0x00002614   Section        0  keyboard.o(i.KEY7)
    i.KEY8                                   0x0000266c   Section        0  keyboard.o(i.KEY8)
    i.KEY9                                   0x000026c4   Section        0  keyboard.o(i.KEY9)
    i.LCD_FINISH                             0x000026d0   Section        0  keyboard.o(i.LCD_FINISH)
    i.LeftAttacking1                         0x000026dc   Section        0  role.o(i.LeftAttacking1)
    i.LeftAttacking2                         0x00002c7c   Section        0  role.o(i.LeftAttacking2)
    i.LeftMoving1                            0x00003284   Section        0  role.o(i.LeftMoving1)
    i.LeftMoving2                            0x00003330   Section        0  role.o(i.LeftMoving2)
    i.MapDraw                                0x000033dc   Section        0  role.o(i.MapDraw)
    i.MusicPlay                              0x000033f8   Section        0  code_def.o(i.MusicPlay)
    i.RightAttacking1                        0x0000340c   Section        0  role.o(i.RightAttacking1)
    i.RightAttacking2                        0x00003a3c   Section        0  role.o(i.RightAttacking2)
    i.RightMoving1                           0x000040a8   Section        0  role.o(i.RightMoving1)
    i.RightMoving2                           0x00004154   Section        0  role.o(i.RightMoving2)
    i.RoleHPshowing                          0x00004200   Section        0  role.o(i.RoleHPshowing)
    i.RoleJumping                            0x00004c48   Section        0  role.o(i.RoleJumping)
    i.RoleMovingLeft                         0x00004c6c   Section        0  role.o(i.RoleMovingLeft)
    i.RoleMovingRight                        0x00004c9c   Section        0  role.o(i.RoleMovingRight)
    i.RoleSquat                              0x00004cc8   Section        0  role.o(i.RoleSquat)
    i.Role_Ini                               0x00004cec   Section        0  role.o(i.Role_Ini)
    i.Shooting1                              0x00004dc0   Section        0  role.o(i.Shooting1)
    i.Shooting2                              0x00004f00   Section        0  role.o(i.Shooting2)
    i.Squating1                              0x00005054   Section        0  role.o(i.Squating1)
    i.Squating2                              0x0000519c   Section        0  role.o(i.Squating2)
    i.Standing1                              0x000052ec   Section        0  role.o(i.Standing1)
    i.Standing2                              0x0000535c   Section        0  role.o(i.Standing2)
    i.TIMER                                  0x000053d4   Section        0  keyboard.o(i.TIMER)
    i.__ARM_common_switch8                   0x000056e4   Section        0  keyboard.o(i.__ARM_common_switch8)
    i.main                                   0x00005700   Section        0  main.o(i.main)
    .data                                    0x20000000   Section       20  main.o(.data)
    .data                                    0x20000014   Section        4  code_def.o(.data)
    .data                                    0x20000018   Section        2  role.o(.data)
    .bss                                     0x2000001c   Section       96  libspace.o(.bss)
    HEAP                                     0x20000080   Section     1024  startup_cmsdk_cm0.o(HEAP)
    Heap_Mem                                 0x20000080   Data        1024  startup_cmsdk_cm0.o(HEAP)
    STACK                                    0x20000480   Section     1024  startup_cmsdk_cm0.o(STACK)
    Stack_Mem                                0x20000480   Data        1024  startup_cmsdk_cm0.o(STACK)
    __initial_sp                             0x20000880   Data           0  startup_cmsdk_cm0.o(STACK)

    Global Symbols

    Symbol Name                              Value     Ov Type        Size  Object(Section)

    BuildAttributes$$THM_ISAv3M$S$PE$A:L22$X:L11$S22$IEEE1$IW$USESV6$~STKCKD$USESV7$~SHL$OSPACE$ROPI$EBA8$UX$STANDARDLIB$REQ8$PRES8$EABIv2 0x00000000   Number         0  anon$$obj.o ABSOLUTE
    __ARM_use_no_argv                        0x00000000   Number         0  main.o ABSOLUTE
    __Vectors                                0x00000000   Data           4  startup_cmsdk_cm0.o(RESET)
    __ARM_exceptions_init                     - Undefined Weak Reference
    __alloca_initialize                       - Undefined Weak Reference
    __arm_preinit_                            - Undefined Weak Reference
    __cpp_initialize__aeabi_                  - Undefined Weak Reference
    __cxa_finalize                            - Undefined Weak Reference
    __rt_locale                               - Undefined Weak Reference
    __sigvec_lookup                           - Undefined Weak Reference
    _atexit_init                              - Undefined Weak Reference
    _call_atexit_fns                          - Undefined Weak Reference
    _clock_init                               - Undefined Weak Reference
    _fp_trap_init                             - Undefined Weak Reference
    _fp_trap_shutdown                         - Undefined Weak Reference
    _get_lc_collate                           - Undefined Weak Reference
    _get_lc_ctype                             - Undefined Weak Reference
    _get_lc_monetary                          - Undefined Weak Reference
    _get_lc_numeric                           - Undefined Weak Reference
    _get_lc_time                              - Undefined Weak Reference
    _getenv_init                              - Undefined Weak Reference
    _handle_redirection                       - Undefined Weak Reference
    _init_alloc                               - Undefined Weak Reference
    _init_user_alloc                          - Undefined Weak Reference
    _initio                                   - Undefined Weak Reference
    _rand_init                                - Undefined Weak Reference
    _signal_finish                            - Undefined Weak Reference
    _signal_init                              - Undefined Weak Reference
    _terminate_alloc                          - Undefined Weak Reference
    _terminate_user_alloc                     - Undefined Weak Reference
    _terminateio                              - Undefined Weak Reference
    __main                                   0x00000089   Thumb Code     8  __main.o(!!!main)
    __scatterload                            0x00000091   Thumb Code     0  __scatter.o(!!!scatter)
    __scatterload_rt2                        0x00000091   Thumb Code    52  __scatter.o(!!!scatter)
    __scatterload_rt2_thumb_only             0x00000091   Thumb Code     0  __scatter.o(!!!scatter)
    __scatterload_null                       0x000000a1   Thumb Code     0  __scatter.o(!!!scatter)
    __scatterload_copy                       0x000000cd   Thumb Code    26  __scatter_copy.o(!!handler_copy)
    __scatterload_zeroinit                   0x000000e9   Thumb Code    28  __scatter_zi.o(!!handler_zi)
    __rt_lib_init                            0x00000105   Thumb Code     0  libinit.o(.ARM.Collect$$libinit$$00000000)
    __rt_lib_init_alloca_1                   0x00000107   Thumb Code     0  libinit2.o(.ARM.Collect$$libinit$$0000002E)
    __rt_lib_init_argv_1                     0x00000107   Thumb Code     0  libinit2.o(.ARM.Collect$$libinit$$0000002C)
    __rt_lib_init_atexit_1                   0x00000107   Thumb Code     0  libinit2.o(.ARM.Collect$$libinit$$0000001B)
    __rt_lib_init_clock_1                    0x00000107   Thumb Code     0  libinit2.o(.ARM.Collect$$libinit$$00000021)
    __rt_lib_init_cpp_1                      0x00000107   Thumb Code     0  libinit2.o(.ARM.Collect$$libinit$$00000032)
    __rt_lib_init_exceptions_1               0x00000107   Thumb Code     0  libinit2.o(.ARM.Collect$$libinit$$00000030)
    __rt_lib_init_fp_1                       0x00000107   Thumb Code     0  libinit2.o(.ARM.Collect$$libinit$$00000002)
    __rt_lib_init_fp_trap_1                  0x00000107   Thumb Code     0  libinit2.o(.ARM.Collect$$libinit$$0000001F)
    __rt_lib_init_getenv_1                   0x00000107   Thumb Code     0  libinit2.o(.ARM.Collect$$libinit$$00000023)
    __rt_lib_init_heap_1                     0x00000107   Thumb Code     0  libinit2.o(.ARM.Collect$$libinit$$0000000A)
    __rt_lib_init_lc_collate_1               0x00000107   Thumb Code     0  libinit2.o(.ARM.Collect$$libinit$$00000011)
    __rt_lib_init_lc_ctype_1                 0x00000107   Thumb Code     0  libinit2.o(.ARM.Collect$$libinit$$00000013)
    __rt_lib_init_lc_monetary_1              0x00000107   Thumb Code     0  libinit2.o(.ARM.Collect$$libinit$$00000015)
    __rt_lib_init_lc_numeric_1               0x00000107   Thumb Code     0  libinit2.o(.ARM.Collect$$libinit$$00000017)
    __rt_lib_init_lc_time_1                  0x00000107   Thumb Code     0  libinit2.o(.ARM.Collect$$libinit$$00000019)
    __rt_lib_init_preinit_1                  0x00000107   Thumb Code     0  libinit2.o(.ARM.Collect$$libinit$$00000004)
    __rt_lib_init_rand_1                     0x00000107   Thumb Code     0  libinit2.o(.ARM.Collect$$libinit$$0000000E)
    __rt_lib_init_return                     0x00000107   Thumb Code     0  libinit2.o(.ARM.Collect$$libinit$$00000033)
    __rt_lib_init_signal_1                   0x00000107   Thumb Code     0  libinit2.o(.ARM.Collect$$libinit$$0000001D)
    __rt_lib_init_stdio_1                    0x00000107   Thumb Code     0  libinit2.o(.ARM.Collect$$libinit$$00000025)
    __rt_lib_init_user_alloc_1               0x00000107   Thumb Code     0  libinit2.o(.ARM.Collect$$libinit$$0000000C)
    __rt_lib_shutdown                        0x00000109   Thumb Code     0  libshutdown.o(.ARM.Collect$$libshutdown$$00000000)
    __rt_lib_shutdown_cpp_1                  0x0000010b   Thumb Code     0  libshutdown2.o(.ARM.Collect$$libshutdown$$00000002)
    __rt_lib_shutdown_fp_trap_1              0x0000010b   Thumb Code     0  libshutdown2.o(.ARM.Collect$$libshutdown$$00000007)
    __rt_lib_shutdown_heap_1                 0x0000010b   Thumb Code     0  libshutdown2.o(.ARM.Collect$$libshutdown$$0000000F)
    __rt_lib_shutdown_return                 0x0000010b   Thumb Code     0  libshutdown2.o(.ARM.Collect$$libshutdown$$00000010)
    __rt_lib_shutdown_signal_1               0x0000010b   Thumb Code     0  libshutdown2.o(.ARM.Collect$$libshutdown$$0000000A)
    __rt_lib_shutdown_stdio_1                0x0000010b   Thumb Code     0  libshutdown2.o(.ARM.Collect$$libshutdown$$00000004)
    __rt_lib_shutdown_user_alloc_1           0x0000010b   Thumb Code     0  libshutdown2.o(.ARM.Collect$$libshutdown$$0000000C)
    __rt_entry                               0x0000010d   Thumb Code     0  __rtentry.o(.ARM.Collect$$rtentry$$00000000)
    __rt_entry_presh_1                       0x0000010d   Thumb Code     0  __rtentry2.o(.ARM.Collect$$rtentry$$00000002)
    __rt_entry_sh                            0x0000010d   Thumb Code     0  __rtentry4.o(.ARM.Collect$$rtentry$$00000004)
    __rt_entry_li                            0x00000113   Thumb Code     0  __rtentry2.o(.ARM.Collect$$rtentry$$0000000A)
    __rt_entry_postsh_1                      0x00000113   Thumb Code     0  __rtentry2.o(.ARM.Collect$$rtentry$$00000009)
    __rt_entry_main                          0x00000117   Thumb Code     0  __rtentry2.o(.ARM.Collect$$rtentry$$0000000D)
    __rt_entry_postli_1                      0x00000117   Thumb Code     0  __rtentry2.o(.ARM.Collect$$rtentry$$0000000C)
    __rt_exit                                0x0000011f   Thumb Code     0  rtexit.o(.ARM.Collect$$rtexit$$00000000)
    __rt_exit_ls                             0x00000121   Thumb Code     0  rtexit2.o(.ARM.Collect$$rtexit$$00000003)
    __rt_exit_prels_1                        0x00000121   Thumb Code     0  rtexit2.o(.ARM.Collect$$rtexit$$00000002)
    __rt_exit_exit                           0x00000125   Thumb Code     0  rtexit2.o(.ARM.Collect$$rtexit$$00000004)
    Reset_Handler                            0x0000012d   Thumb Code     8  startup_cmsdk_cm0.o(.text)
    LCDRUN_Handler                           0x00000135   Thumb Code     8  startup_cmsdk_cm0.o(.text)
    TIMER_Handler                            0x0000013d   Thumb Code     8  startup_cmsdk_cm0.o(.text)
    KEY0_Handler                             0x00000145   Thumb Code     8  startup_cmsdk_cm0.o(.text)
    KEY1_Handler                             0x0000014d   Thumb Code     8  startup_cmsdk_cm0.o(.text)
    KEY2_Handler                             0x00000155   Thumb Code     8  startup_cmsdk_cm0.o(.text)
    KEY3_Handler                             0x0000015d   Thumb Code     8  startup_cmsdk_cm0.o(.text)
    KEY4_Handler                             0x00000165   Thumb Code     8  startup_cmsdk_cm0.o(.text)
    KEY5_Handler                             0x0000016d   Thumb Code     8  startup_cmsdk_cm0.o(.text)
    KEY6_Handler                             0x00000175   Thumb Code     8  startup_cmsdk_cm0.o(.text)
    KEY7_Handler                             0x0000017d   Thumb Code     8  startup_cmsdk_cm0.o(.text)
    KEY8_Handler                             0x00000185   Thumb Code     8  startup_cmsdk_cm0.o(.text)
    KEY9_Handler                             0x0000018d   Thumb Code     8  startup_cmsdk_cm0.o(.text)
    KEY10_Handler                            0x00000195   Thumb Code     8  startup_cmsdk_cm0.o(.text)
    KEY11_Handler                            0x0000019d   Thumb Code     8  startup_cmsdk_cm0.o(.text)
    KEY12_Handler                            0x000001a5   Thumb Code     8  startup_cmsdk_cm0.o(.text)
    KEY13_Handler                            0x000001ad   Thumb Code     8  startup_cmsdk_cm0.o(.text)
    KEY14_Handler                            0x000001b5   Thumb Code     8  startup_cmsdk_cm0.o(.text)
    KEY15_Handler                            0x000001bd   Thumb Code     8  startup_cmsdk_cm0.o(.text)
    __user_initial_stackheap                 0x000001c5   Thumb Code     0  startup_cmsdk_cm0.o(.text)
    __aeabi_uidiv                            0x000001e5   Thumb Code     0  aeabi_sdiv.o(.text)
    __aeabi_uidivmod                         0x000001e5   Thumb Code    20  aeabi_sdiv.o(.text)
    __aeabi_idiv                             0x000001f9   Thumb Code     0  aeabi_sdiv.o(.text)
    __aeabi_idivmod                          0x000001f9   Thumb Code   326  aeabi_sdiv.o(.text)
    __use_two_region_memory                  0x0000033f   Thumb Code     2  heapauxi.o(.text)
    __rt_heap_escrow$2region                 0x00000341   Thumb Code     2  heapauxi.o(.text)
    __rt_heap_expand$2region                 0x00000343   Thumb Code     2  heapauxi.o(.text)
    __user_setup_stackheap                   0x00000345   Thumb Code    62  sys_stackheap_outer.o(.text)
    exit                                     0x00000383   Thumb Code    16  exit.o(.text)
    __user_libspace                          0x00000395   Thumb Code     8  libspace.o(.text)
    __user_perproc_libspace                  0x00000395   Thumb Code     0  libspace.o(.text)
    __user_perthread_libspace                0x00000395   Thumb Code     0  libspace.o(.text)
    _sys_exit                                0x0000039d   Thumb Code     8  sys_exit.o(.text)
    __I$use$semihosting                      0x000003a9   Thumb Code     0  use_no_semi.o(.text)
    __use_no_semihosting_swi                 0x000003a9   Thumb Code     2  use_no_semi.o(.text)
    __semihosting_library_function           0x000003ab   Thumb Code     0  indicate_semi.o(.text)
    Attacking                                0x000003ad   Thumb Code    82  role.o(i.Attacking)
    Cure_define1                             0x00000405   Thumb Code   460  role.o(i.Cure_define1)
    Cure_define2                             0x000005d5   Thumb Code   460  role.o(i.Cure_define2)
    Damage_define                            0x000007a5   Thumb Code   810  role.o(i.Damage_define)
    Down1                                    0x00000ad5   Thumb Code   308  role.o(i.Down1)
    Down2                                    0x00000c11   Thumb Code   316  role.o(i.Down2)
    DrawLCD                                  0x00000d55   Thumb Code    70  code_def.o(i.DrawLCD)
    Fire                                     0x00000da1   Thumb Code  1092  role.o(i.Fire)
    FireGo                                   0x000011e9   Thumb Code   974  role.o(i.FireGo)
    Floating1                                0x000015bd   Thumb Code   264  role.o(i.Floating1)
    Floating2                                0x000016c9   Thumb Code   274  role.o(i.Floating2)
    Hurting1                                 0x000017e1   Thumb Code   126  role.o(i.Hurting1)
    Hurting2                                 0x00001865   Thumb Code   126  role.o(i.Hurting2)
    Ice                                      0x000018e9   Thumb Code  1144  role.o(i.Ice)
    IceGo                                    0x00001d65   Thumb Code  1082  role.o(i.IceGo)
    Jumping1                                 0x000021a5   Thumb Code   232  role.o(i.Jumping1)
    Jumping2                                 0x00002291   Thumb Code   240  role.o(i.Jumping2)
    KEY0                                     0x00002385   Thumb Code    42  keyboard.o(i.KEY0)
    KEY1                                     0x000023b5   Thumb Code    18  keyboard.o(i.KEY1)
    KEY10                                    0x000023cd   Thumb Code    36  keyboard.o(i.KEY10)
    KEY11                                    0x000023f5   Thumb Code     2  keyboard.o(i.KEY11)
    KEY12                                    0x000023f9   Thumb Code   144  keyboard.o(i.KEY12)
    KEY13                                    0x00002495   Thumb Code    48  keyboard.o(i.KEY13)
    KEY14                                    0x000024c9   Thumb Code    18  keyboard.o(i.KEY14)
    KEY15                                    0x000024e1   Thumb Code    48  keyboard.o(i.KEY15)
    KEY2                                     0x00002515   Thumb Code    42  keyboard.o(i.KEY2)
    KEY3                                     0x00002545   Thumb Code   138  keyboard.o(i.KEY3)
    KEY4                                     0x000025dd   Thumb Code     2  keyboard.o(i.KEY4)
    KEY5                                     0x000025e1   Thumb Code    36  keyboard.o(i.KEY5)
    KEY6                                     0x00002609   Thumb Code     8  keyboard.o(i.KEY6)
    KEY7                                     0x00002615   Thumb Code    74  keyboard.o(i.KEY7)
    KEY8                                     0x0000266d   Thumb Code    74  keyboard.o(i.KEY8)
    KEY9                                     0x000026c5   Thumb Code     8  keyboard.o(i.KEY9)
    LCD_FINISH                               0x000026d1   Thumb Code     8  keyboard.o(i.LCD_FINISH)
    LeftAttacking1                           0x000026dd   Thumb Code  1434  role.o(i.LeftAttacking1)
    LeftAttacking2                           0x00002c7d   Thumb Code  1538  role.o(i.LeftAttacking2)
    LeftMoving1                              0x00003285   Thumb Code   166  role.o(i.LeftMoving1)
    LeftMoving2                              0x00003331   Thumb Code   166  role.o(i.LeftMoving2)
    MapDraw                                  0x000033dd   Thumb Code    28  role.o(i.MapDraw)
    MusicPlay                                0x000033f9   Thumb Code    20  code_def.o(i.MusicPlay)
    RightAttacking1                          0x0000340d   Thumb Code  1580  role.o(i.RightAttacking1)
    RightAttacking2                          0x00003a3d   Thumb Code  1640  role.o(i.RightAttacking2)
    RightMoving1                             0x000040a9   Thumb Code   166  role.o(i.RightMoving1)
    RightMoving2                             0x00004155   Thumb Code   166  role.o(i.RightMoving2)
    RoleHPshowing                            0x00004201   Thumb Code  2628  role.o(i.RoleHPshowing)
    RoleJumping                              0x00004c49   Thumb Code    30  role.o(i.RoleJumping)
    RoleMovingLeft                           0x00004c6d   Thumb Code    42  role.o(i.RoleMovingLeft)
    RoleMovingRight                          0x00004c9d   Thumb Code    38  role.o(i.RoleMovingRight)
    RoleSquat                                0x00004cc9   Thumb Code    30  role.o(i.RoleSquat)
    Role_Ini                                 0x00004ced   Thumb Code   204  role.o(i.Role_Ini)
    Shooting1                                0x00004dc1   Thumb Code   316  role.o(i.Shooting1)
    Shooting2                                0x00004f01   Thumb Code   334  role.o(i.Shooting2)
    Squating1                                0x00005055   Thumb Code   324  role.o(i.Squating1)
    Squating2                                0x0000519d   Thumb Code   332  role.o(i.Squating2)
    Standing1                                0x000052ed   Thumb Code   108  role.o(i.Standing1)
    Standing2                                0x0000535d   Thumb Code   116  role.o(i.Standing2)
    TIMER                                    0x000053d5   Thumb Code   740  keyboard.o(i.TIMER)
    __ARM_common_switch8                     0x000056e5   Thumb Code    28  keyboard.o(i.__ARM_common_switch8)
    main                                     0x00005701   Thumb Code    76  main.o(i.main)
    Region$$Table$$Base                      0x00005784   Number         0  anon$$obj.o(Region$$Table)
    Region$$Table$$Limit                     0x000057a4   Number         0  anon$$obj.o(Region$$Table)
    ready_time_en                            0x20000000   Data           1  main.o(.data)
    ready_time                               0x20000002   Data           2  main.o(.data)
    show_gameover                            0x20000004   Data           1  main.o(.data)
    show_time                                0x20000006   Data           2  main.o(.data)
    show_mode                                0x20000008   Data           1  main.o(.data)
    ready_time2_en                           0x20000009   Data           1  main.o(.data)
    ready_time2                              0x2000000a   Data           2  main.o(.data)
    hurt2_time                               0x2000000c   Data           1  main.o(.data)
    hurt1_time                               0x2000000d   Data           1  main.o(.data)
    game_time                                0x20000010   Data           4  main.o(.data)
    LCD_finish                               0x20000014   Data           4  code_def.o(.data)
    down_height                              0x20000018   Data           2  role.o(.data)
    __libspace_start                         0x2000001c   Data          96  libspace.o(.bss)
    __temporary_stack_top$libspace           0x2000007c   Data           0  libspace.o(.bss)



==============================================================================

Memory Map of the image

  Image entry point : Not specified.

  Load Region LR_IROM1 (Base: 0x00000000, Size: 0x000057c0, Max: 0x00010000, ABSOLUTE)

    Execution Region ER_IROM1 (Base: 0x00000000, Size: 0x000057a4, Max: 0x00010000, ABSOLUTE)

    Base Addr    Size         Type   Attr      Idx    E Section Name        Object

    0x00000000   0x00000088   Data   RO           32    RESET               startup_cmsdk_cm0.o
    0x00000088   0x00000008   Code   RO          428  * !!!main             c_p.l(__main.o)
    0x00000090   0x0000003c   Code   RO          597    !!!scatter          c_p.l(__scatter.o)
    0x000000cc   0x0000001a   Code   RO          599    !!handler_copy      c_p.l(__scatter_copy.o)
    0x000000e6   0x00000002   PAD
    0x000000e8   0x0000001c   Code   RO          601    !!handler_zi        c_p.l(__scatter_zi.o)
    0x00000104   0x00000002   Code   RO          466    .ARM.Collect$$libinit$$00000000  c_p.l(libinit.o)
    0x00000106   0x00000000   Code   RO          480    .ARM.Collect$$libinit$$00000002  c_p.l(libinit2.o)
    0x00000106   0x00000000   Code   RO          482    .ARM.Collect$$libinit$$00000004  c_p.l(libinit2.o)
    0x00000106   0x00000000   Code   RO          485    .ARM.Collect$$libinit$$0000000A  c_p.l(libinit2.o)
    0x00000106   0x00000000   Code   RO          487    .ARM.Collect$$libinit$$0000000C  c_p.l(libinit2.o)
    0x00000106   0x00000000   Code   RO          489    .ARM.Collect$$libinit$$0000000E  c_p.l(libinit2.o)
    0x00000106   0x00000000   Code   RO          492    .ARM.Collect$$libinit$$00000011  c_p.l(libinit2.o)
    0x00000106   0x00000000   Code   RO          494    .ARM.Collect$$libinit$$00000013  c_p.l(libinit2.o)
    0x00000106   0x00000000   Code   RO          496    .ARM.Collect$$libinit$$00000015  c_p.l(libinit2.o)
    0x00000106   0x00000000   Code   RO          498    .ARM.Collect$$libinit$$00000017  c_p.l(libinit2.o)
    0x00000106   0x00000000   Code   RO          500    .ARM.Collect$$libinit$$00000019  c_p.l(libinit2.o)
    0x00000106   0x00000000   Code   RO          502    .ARM.Collect$$libinit$$0000001B  c_p.l(libinit2.o)
    0x00000106   0x00000000   Code   RO          504    .ARM.Collect$$libinit$$0000001D  c_p.l(libinit2.o)
    0x00000106   0x00000000   Code   RO          506    .ARM.Collect$$libinit$$0000001F  c_p.l(libinit2.o)
    0x00000106   0x00000000   Code   RO          508    .ARM.Collect$$libinit$$00000021  c_p.l(libinit2.o)
    0x00000106   0x00000000   Code   RO          510    .ARM.Collect$$libinit$$00000023  c_p.l(libinit2.o)
    0x00000106   0x00000000   Code   RO          512    .ARM.Collect$$libinit$$00000025  c_p.l(libinit2.o)
    0x00000106   0x00000000   Code   RO          516    .ARM.Collect$$libinit$$0000002C  c_p.l(libinit2.o)
    0x00000106   0x00000000   Code   RO          518    .ARM.Collect$$libinit$$0000002E  c_p.l(libinit2.o)
    0x00000106   0x00000000   Code   RO          520    .ARM.Collect$$libinit$$00000030  c_p.l(libinit2.o)
    0x00000106   0x00000000   Code   RO          522    .ARM.Collect$$libinit$$00000032  c_p.l(libinit2.o)
    0x00000106   0x00000002   Code   RO          523    .ARM.Collect$$libinit$$00000033  c_p.l(libinit2.o)
    0x00000108   0x00000002   Code   RO          554    .ARM.Collect$$libshutdown$$00000000  c_p.l(libshutdown.o)
    0x0000010a   0x00000000   Code   RO          580    .ARM.Collect$$libshutdown$$00000002  c_p.l(libshutdown2.o)
    0x0000010a   0x00000000   Code   RO          582    .ARM.Collect$$libshutdown$$00000004  c_p.l(libshutdown2.o)
    0x0000010a   0x00000000   Code   RO          585    .ARM.Collect$$libshutdown$$00000007  c_p.l(libshutdown2.o)
    0x0000010a   0x00000000   Code   RO          588    .ARM.Collect$$libshutdown$$0000000A  c_p.l(libshutdown2.o)
    0x0000010a   0x00000000   Code   RO          590    .ARM.Collect$$libshutdown$$0000000C  c_p.l(libshutdown2.o)
    0x0000010a   0x00000000   Code   RO          593    .ARM.Collect$$libshutdown$$0000000F  c_p.l(libshutdown2.o)
    0x0000010a   0x00000002   Code   RO          594    .ARM.Collect$$libshutdown$$00000010  c_p.l(libshutdown2.o)
    0x0000010c   0x00000000   Code   RO          430    .ARM.Collect$$rtentry$$00000000  c_p.l(__rtentry.o)
    0x0000010c   0x00000000   Code   RO          436    .ARM.Collect$$rtentry$$00000002  c_p.l(__rtentry2.o)
    0x0000010c   0x00000006   Code   RO          448    .ARM.Collect$$rtentry$$00000004  c_p.l(__rtentry4.o)
    0x00000112   0x00000000   Code   RO          438    .ARM.Collect$$rtentry$$00000009  c_p.l(__rtentry2.o)
    0x00000112   0x00000004   Code   RO          439    .ARM.Collect$$rtentry$$0000000A  c_p.l(__rtentry2.o)
    0x00000116   0x00000000   Code   RO          441    .ARM.Collect$$rtentry$$0000000C  c_p.l(__rtentry2.o)
    0x00000116   0x00000008   Code   RO          442    .ARM.Collect$$rtentry$$0000000D  c_p.l(__rtentry2.o)
    0x0000011e   0x00000002   Code   RO          471    .ARM.Collect$$rtexit$$00000000  c_p.l(rtexit.o)
    0x00000120   0x00000000   Code   RO          527    .ARM.Collect$$rtexit$$00000002  c_p.l(rtexit2.o)
    0x00000120   0x00000004   Code   RO          528    .ARM.Collect$$rtexit$$00000003  c_p.l(rtexit2.o)
    0x00000124   0x00000006   Code   RO          529    .ARM.Collect$$rtexit$$00000004  c_p.l(rtexit2.o)
    0x0000012a   0x00000002   PAD
    0x0000012c   0x000000b8   Code   RO           33  * .text               startup_cmsdk_cm0.o
    0x000001e4   0x0000015a   Code   RO          422    .text               c_p.l(aeabi_sdiv.o)
    0x0000033e   0x00000006   Code   RO          426    .text               c_p.l(heapauxi.o)
    0x00000344   0x0000003e   Code   RO          452    .text               c_p.l(sys_stackheap_outer.o)
    0x00000382   0x00000010   Code   RO          455    .text               c_p.l(exit.o)
    0x00000392   0x00000002   PAD
    0x00000394   0x00000008   Code   RO          467    .text               c_p.l(libspace.o)
    0x0000039c   0x0000000c   Code   RO          524    .text               c_p.l(sys_exit.o)
    0x000003a8   0x00000002   Code   RO          543    .text               c_p.l(use_no_semi.o)
    0x000003aa   0x00000000   Code   RO          545    .text               c_p.l(indicate_semi.o)
    0x000003aa   0x00000002   PAD
    0x000003ac   0x00000058   Code   RO          188    i.Attacking         role.o
    0x00000404   0x000001d0   Code   RO          189    i.Cure_define1      role.o
    0x000005d4   0x000001d0   Code   RO          190    i.Cure_define2      role.o
    0x000007a4   0x00000330   Code   RO          191    i.Damage_define     role.o
    0x00000ad4   0x0000013c   Code   RO          192    i.Down1             role.o
    0x00000c10   0x00000144   Code   RO          193    i.Down2             role.o
    0x00000d54   0x0000004c   Code   RO           38    i.DrawLCD           code_def.o
    0x00000da0   0x00000448   Code   RO          194    i.Fire              role.o
    0x000011e8   0x000003d4   Code   RO          195    i.FireGo            role.o
    0x000015bc   0x0000010c   Code   RO          196    i.Floating1         role.o
    0x000016c8   0x00000118   Code   RO          197    i.Floating2         role.o
    0x000017e0   0x00000084   Code   RO          198    i.Hurting1          role.o
    0x00001864   0x00000084   Code   RO          199    i.Hurting2          role.o
    0x000018e8   0x0000047c   Code   RO          200    i.Ice               role.o
    0x00001d64   0x00000440   Code   RO          201    i.IceGo             role.o
    0x000021a4   0x000000ec   Code   RO          202    i.Jumping1          role.o
    0x00002290   0x000000f4   Code   RO          203    i.Jumping2          role.o
    0x00002384   0x00000030   Code   RO           71    i.KEY0              keyboard.o
    0x000023b4   0x00000018   Code   RO           72    i.KEY1              keyboard.o
    0x000023cc   0x00000028   Code   RO           73    i.KEY10             keyboard.o
    0x000023f4   0x00000002   Code   RO           74    i.KEY11             keyboard.o
    0x000023f6   0x00000002   PAD
    0x000023f8   0x0000009c   Code   RO           75    i.KEY12             keyboard.o
    0x00002494   0x00000034   Code   RO           76    i.KEY13             keyboard.o
    0x000024c8   0x00000018   Code   RO           77    i.KEY14             keyboard.o
    0x000024e0   0x00000034   Code   RO           78    i.KEY15             keyboard.o
    0x00002514   0x00000030   Code   RO           79    i.KEY2              keyboard.o
    0x00002544   0x00000098   Code   RO           80    i.KEY3              keyboard.o
    0x000025dc   0x00000002   Code   RO           81    i.KEY4              keyboard.o
    0x000025de   0x00000002   PAD
    0x000025e0   0x00000028   Code   RO           82    i.KEY5              keyboard.o
    0x00002608   0x0000000c   Code   RO           83    i.KEY6              keyboard.o
    0x00002614   0x00000058   Code   RO           84    i.KEY7              keyboard.o
    0x0000266c   0x00000058   Code   RO           85    i.KEY8              keyboard.o
    0x000026c4   0x0000000c   Code   RO           86    i.KEY9              keyboard.o
    0x000026d0   0x0000000c   Code   RO           87    i.LCD_FINISH        keyboard.o
    0x000026dc   0x000005a0   Code   RO          204    i.LeftAttacking1    role.o
    0x00002c7c   0x00000608   Code   RO          205    i.LeftAttacking2    role.o
    0x00003284   0x000000ac   Code   RO          206    i.LeftMoving1       role.o
    0x00003330   0x000000ac   Code   RO          207    i.LeftMoving2       role.o
    0x000033dc   0x0000001c   Code   RO          208    i.MapDraw           role.o
    0x000033f8   0x00000014   Code   RO           39    i.MusicPlay         code_def.o
    0x0000340c   0x00000630   Code   RO          209    i.RightAttacking1   role.o
    0x00003a3c   0x0000066c   Code   RO          210    i.RightAttacking2   role.o
    0x000040a8   0x000000ac   Code   RO          211    i.RightMoving1      role.o
    0x00004154   0x000000ac   Code   RO          212    i.RightMoving2      role.o
    0x00004200   0x00000a48   Code   RO          213    i.RoleHPshowing     role.o
    0x00004c48   0x00000024   Code   RO          214    i.RoleJumping       role.o
    0x00004c6c   0x00000030   Code   RO          215    i.RoleMovingLeft    role.o
    0x00004c9c   0x0000002c   Code   RO          216    i.RoleMovingRight   role.o
    0x00004cc8   0x00000024   Code   RO          217    i.RoleSquat         role.o
    0x00004cec   0x000000d4   Code   RO          218    i.Role_Ini          role.o
    0x00004dc0   0x00000140   Code   RO          219    i.Shooting1         role.o
    0x00004f00   0x00000154   Code   RO          220    i.Shooting2         role.o
    0x00005054   0x00000148   Code   RO          221    i.Squating1         role.o
    0x0000519c   0x00000150   Code   RO          222    i.Squating2         role.o
    0x000052ec   0x00000070   Code   RO          223    i.Standing1         role.o
    0x0000535c   0x00000078   Code   RO          224    i.Standing2         role.o
    0x000053d4   0x00000310   Code   RO           88    i.TIMER             keyboard.o
    0x000056e4   0x0000001c   Code   RO          182    i.__ARM_common_switch8  keyboard.o
    0x00005700   0x00000084   Code   RO            1    i.main              main.o
    0x00005784   0x00000020   Data   RO          595    Region$$Table       anon$$obj.o


    Execution Region RW_IRAM1 (Base: 0x20000000, Size: 0x00000880, Max: 0x00010000, ABSOLUTE)

    Base Addr    Size         Type   Attr      Idx    E Section Name        Object

    0x20000000   0x00000014   Data   RW            2    .data               main.o
    0x20000014   0x00000004   Data   RW           42    .data               code_def.o
    0x20000018   0x00000002   Data   RW          225    .data               role.o
    0x2000001a   0x00000002   PAD
    0x2000001c   0x00000060   Zero   RW          468    .bss                c_p.l(libspace.o)
    0x2000007c   0x00000004   PAD
    0x20000080   0x00000400   Zero   RW           31    HEAP                startup_cmsdk_cm0.o
    0x20000480   0x00000400   Zero   RW           30    STACK               startup_cmsdk_cm0.o


==============================================================================

Image component sizes


      Code (inc. data)   RO Data    RW Data    ZI Data      Debug   Object Name

        96          6          0          4          0       1079   code_def.o
      1664        178          0          0          0       7531   keyboard.o
       132         56          0         20          0       5555   main.o
     19568        408          0          2          0      22960   role.o
       184         22        136          0       2048       1132   startup_cmsdk_cm0.o

    ----------------------------------------------------------------------
     21648        670        168         28       2048      38257   Object Totals
         0          0         32          0          0          0   (incl. Generated)
         4          0          0          2          0          0   (incl. Padding)

    ----------------------------------------------------------------------

      Code (inc. data)   RO Data    RW Data    ZI Data      Debug   Library Member Name

         8          0          0          0          0         68   __main.o
         0          0          0          0          0          0   __rtentry.o
        12          0          0          0          0          0   __rtentry2.o
         6          0          0          0          0          0   __rtentry4.o
        60          8          0          0          0          0   __scatter.o
        26          0          0          0          0          0   __scatter_copy.o
        28          0          0          0          0          0   __scatter_zi.o
       346          0          0          0          0         92   aeabi_sdiv.o
        16          0          0          0          0         68   exit.o
         6          0          0          0          0        136   heapauxi.o
         0          0          0          0          0          0   indicate_semi.o
         2          0          0          0          0          0   libinit.o
         2          0          0          0          0          0   libinit2.o
         2          0          0          0          0          0   libshutdown.o
         2          0          0          0          0          0   libshutdown2.o
         8          4          0          0         96         68   libspace.o
         2          0          0          0          0          0   rtexit.o
        10          0          0          0          0          0   rtexit2.o
        12          4          0          0          0         60   sys_exit.o
        62          0          0          0          0         80   sys_stackheap_outer.o
         2          0          0          0          0         68   use_no_semi.o

    ----------------------------------------------------------------------
       620         16          0          0        100        640   Library Totals
         8          0          0          0          4          0   (incl. Padding)

    ----------------------------------------------------------------------

      Code (inc. data)   RO Data    RW Data    ZI Data      Debug   Library Name

       612         16          0          0         96        640   c_p.l

    ----------------------------------------------------------------------
       620         16          0          0        100        640   Library Totals

    ----------------------------------------------------------------------

==============================================================================


      Code (inc. data)   RO Data    RW Data    ZI Data      Debug   

     22268        686        168         28       2148      36289   Grand Totals
     22268        686        168         28       2148      36289   ELF Image Totals
     22268        686        168         28          0          0   ROM Totals

==============================================================================

    Total RO  Size (Code + RO Data)                22436 (  21.91kB)
    Total RW  Size (RW Data + ZI Data)              2176 (   2.13kB)
    Total ROM Size (Code + RO Data + RW Data)      22464 (  21.94kB)

==============================================================================

